  Determinando os projetos a serem restaurados...
  Todos os projetos estão atualizados para restauração.
  DPManagement.Domain -> C:\Faculdade\AlcatechRH\DPManagement.Domain\bin\Debug\net9.0\DPManagement.Domain.dll
  DPManagement.Application -> C:\Faculdade\AlcatechRH\DPManagement.Application\bin\Debug\net9.0\DPManagement.Application.dll
  DPManagement.Infrastructure -> C:\Faculdade\AlcatechRH\DPManagement.Infrastructure\bin\Debug\net9.0\DPManagement.Infrastructure.dll
C:\Program Files\dotnet\sdk\9.0.308\Microsoft.Common.CurrentVersion.targets(5093,5): warning MSB3026: não foi possível copiar "C:\Faculdade\AlcatechRH\DPManagement.Domain\bin\Debug\net9.0\DPManagement.Domain.dll" para "bin\Debug\net9.0\DPManagement.Domain.dll". Iniciando nova tentativa 1 em 1000ms. The process cannot access the file 'C:\Faculdade\AlcatechRH\DPManagement.API\bin\Debug\net9.0\DPManagement.Domain.dll' because it is being used by another process. O arquivo é bloqueado por: "DPManagement.API (19316)" [C:\Faculdade\AlcatechRH\DPManagement.API\DPManagement.API.csproj]
C:\Program Files\dotnet\sdk\9.0.308\Microsoft.Common.CurrentVersion.targets(5093,5): warning MSB3026: não foi possível copiar "C:\Faculdade\AlcatechRH\DPManagement.Application\bin\Debug\net9.0\DPManagement.Application.dll" para "bin\Debug\net9.0\DPManagement.Application.dll". Iniciando nova tentativa 1 em 1000ms. The process cannot access the file 'C:\Faculdade\AlcatechRH\DPManagement.API\bin\Debug\net9.0\DPManagement.Application.dll' because it is being used by another process. O arquivo é bloqueado por: "DPManagement.API (19316)" [C:\Faculdade\AlcatechRH\DPManagement.API\DPManagement.API.csproj]
C:\Program Files\dotnet\sdk\9.0.308\Microsoft.Common.CurrentVersion.targets(5093,5): warning MSB3026: não foi possível copiar "C:\Faculdade\AlcatechRH\DPManagement.Infrastructure\bin\Debug\net9.0\DPManagement.Infrastructure.dll" para "bin\Debug\net9.0\DPManagement.Infrastructure.dll". Iniciando nova tentativa 1 em 1000ms. The process cannot access the file 'C:\Faculdade\AlcatechRH\DPManagement.API\bin\Debug\net9.0\DPManagement.Infrastructure.dll' because it is being used by another process. O arquivo é bloqueado por: "Microsoft Visual Studio 2022 (18608), DPManagement.API (19316)" [C:\Faculdade\AlcatechRH\DPManagement.API\DPManagement.API.csproj]
C:\Program Files\dotnet\sdk\9.0.308\Microsoft.Common.CurrentVersion.targets(5093,5): warning MSB3026: não foi possível copiar "C:\Faculdade\AlcatechRH\DPManagement.Domain\bin\Debug\net9.0\DPManagement.Domain.dll" para "bin\Debug\net9.0\DPManagement.Domain.dll". Iniciando nova tentativa 2 em 1000ms. The process cannot access the file 'C:\Faculdade\AlcatechRH\DPManagement.API\bin\Debug\net9.0\DPManagement.Domain.dll' because it is being used by another process. O arquivo é bloqueado por: "DPManagement.API (19316)" [C:\Faculdade\AlcatechRH\DPManagement.API\DPManagement.API.csproj]
C:\Program Files\dotnet\sdk\9.0.308\Microsoft.Common.CurrentVersion.targets(5093,5): warning MSB3026: não foi possível copiar "C:\Faculdade\AlcatechRH\DPManagement.Application\bin\Debug\net9.0\DPManagement.Application.dll" para "bin\Debug\net9.0\DPManagement.Application.dll". Iniciando nova tentativa 2 em 1000ms. The process cannot access the file 'C:\Faculdade\AlcatechRH\DPManagement.API\bin\Debug\net9.0\DPManagement.Application.dll' because it is being used by another process. O arquivo é bloqueado por: "DPManagement.API (19316)" [C:\Faculdade\AlcatechRH\DPManagement.API\DPManagement.API.csproj]
C:\Program Files\dotnet\sdk\9.0.308\Microsoft.Common.CurrentVersion.targets(5093,5): warning MSB3026: não foi possível copiar "C:\Faculdade\AlcatechRH\DPManagement.Infrastructure\bin\Debug\net9.0\DPManagement.Infrastructure.dll" para "bin\Debug\net9.0\DPManagement.Infrastructure.dll". Iniciando nova tentativa 2 em 1000ms. The process cannot access the file 'C:\Faculdade\AlcatechRH\DPManagement.API\bin\Debug\net9.0\DPManagement.Infrastructure.dll' because it is being used by another process. O arquivo é bloqueado por: "Microsoft Visual Studio 2022 (18608), DPManagement.API (19316)" [C:\Faculdade\AlcatechRH\DPManagement.API\DPManagement.API.csproj]
C:\Program Files\dotnet\sdk\9.0.308\Microsoft.Common.CurrentVersion.targets(5093,5): warning MSB3026: não foi possível copiar "C:\Faculdade\AlcatechRH\DPManagement.Domain\bin\Debug\net9.0\DPManagement.Domain.dll" para "bin\Debug\net9.0\DPManagement.Domain.dll". Iniciando nova tentativa 3 em 1000ms. The process cannot access the file 'C:\Faculdade\AlcatechRH\DPManagement.API\bin\Debug\net9.0\DPManagement.Domain.dll' because it is being used by another process. O arquivo é bloqueado por: "DPManagement.API (19316)" [C:\Faculdade\AlcatechRH\DPManagement.API\DPManagement.API.csproj]
C:\Program Files\dotnet\sdk\9.0.308\Microsoft.Common.CurrentVersion.targets(5093,5): warning MSB3026: não foi possível copiar "C:\Faculdade\AlcatechRH\DPManagement.Application\bin\Debug\net9.0\DPManagement.Application.dll" para "bin\Debug\net9.0\DPManagement.Application.dll". Iniciando nova tentativa 3 em 1000ms. The process cannot access the file 'C:\Faculdade\AlcatechRH\DPManagement.API\bin\Debug\net9.0\DPManagement.Application.dll' because it is being used by another process. O arquivo é bloqueado por: "DPManagement.API (19316)" [C:\Faculdade\AlcatechRH\DPManagement.API\DPManagement.API.csproj]
C:\Program Files\dotnet\sdk\9.0.308\Microsoft.Common.CurrentVersion.targets(5093,5): warning MSB3026: não foi possível copiar "C:\Faculdade\AlcatechRH\DPManagement.Infrastructure\bin\Debug\net9.0\DPManagement.Infrastructure.dll" para "bin\Debug\net9.0\DPManagement.Infrastructure.dll". Iniciando nova tentativa 3 em 1000ms. The process cannot access the file 'C:\Faculdade\AlcatechRH\DPManagement.API\bin\Debug\net9.0\DPManagement.Infrastructure.dll' because it is being used by another process. O arquivo é bloqueado por: "Microsoft Visual Studio 2022 (18608), DPManagement.API (19316)" [C:\Faculdade\AlcatechRH\DPManagement.API\DPManagement.API.csproj]
C:\Program Files\dotnet\sdk\9.0.308\Microsoft.Common.CurrentVersion.targets(5093,5): warning MSB3026: não foi possível copiar "C:\Faculdade\AlcatechRH\DPManagement.Application\bin\Debug\net9.0\DPManagement.Application.dll" para "bin\Debug\net9.0\DPManagement.Application.dll". Iniciando nova tentativa 4 em 1000ms. The process cannot access the file 'C:\Faculdade\AlcatechRH\DPManagement.API\bin\Debug\net9.0\DPManagement.Application.dll' because it is being used by another process. O arquivo é bloqueado por: "DPManagement.API (19316)" [C:\Faculdade\AlcatechRH\DPManagement.API\DPManagement.API.csproj]
C:\Program Files\dotnet\sdk\9.0.308\Microsoft.Common.CurrentVersion.targets(5093,5): warning MSB3026: não foi possível copiar "C:\Faculdade\AlcatechRH\DPManagement.Domain\bin\Debug\net9.0\DPManagement.Domain.dll" para "bin\Debug\net9.0\DPManagement.Domain.dll". Iniciando nova tentativa 4 em 1000ms. The process cannot access the file 'C:\Faculdade\AlcatechRH\DPManagement.API\bin\Debug\net9.0\DPManagement.Domain.dll' because it is being used by another process. O arquivo é bloqueado por: "DPManagement.API (19316)" [C:\Faculdade\AlcatechRH\DPManagement.API\DPManagement.API.csproj]
C:\Program Files\dotnet\sdk\9.0.308\Microsoft.Common.CurrentVersion.targets(5093,5): warning MSB3026: não foi possível copiar "C:\Faculdade\AlcatechRH\DPManagement.Infrastructure\bin\Debug\net9.0\DPManagement.Infrastructure.dll" para "bin\Debug\net9.0\DPManagement.Infrastructure.dll". Iniciando nova tentativa 4 em 1000ms. The process cannot access the file 'C:\Faculdade\AlcatechRH\DPManagement.API\bin\Debug\net9.0\DPManagement.Infrastructure.dll' because it is being used by another process. O arquivo é bloqueado por: "Microsoft Visual Studio 2022 (18608), DPManagement.API (19316)" [C:\Faculdade\AlcatechRH\DPManagement.API\DPManagement.API.csproj]
C:\Program Files\dotnet\sdk\9.0.308\Microsoft.Common.CurrentVersion.targets(5093,5): warning MSB3026: não foi possível copiar "C:\Faculdade\AlcatechRH\DPManagement.Domain\bin\Debug\net9.0\DPManagement.Domain.dll" para "bin\Debug\net9.0\DPManagement.Domain.dll". Iniciando nova tentativa 5 em 1000ms. The process cannot access the file 'C:\Faculdade\AlcatechRH\DPManagement.API\bin\Debug\net9.0\DPManagement.Domain.dll' because it is being used by another process. O arquivo é bloqueado por: "DPManagement.API (19316)" [C:\Faculdade\AlcatechRH\DPManagement.API\DPManagement.API.csproj]
C:\Program Files\dotnet\sdk\9.0.308\Microsoft.Common.CurrentVersion.targets(5093,5): warning MSB3026: não foi possível copiar "C:\Faculdade\AlcatechRH\DPManagement.Application\bin\Debug\net9.0\DPManagement.Application.dll" para "bin\Debug\net9.0\DPManagement.Application.dll". Iniciando nova tentativa 5 em 1000ms. The process cannot access the file 'C:\Faculdade\AlcatechRH\DPManagement.API\bin\Debug\net9.0\DPManagement.Application.dll' because it is being used by another process. O arquivo é bloqueado por: "DPManagement.API (19316)" [C:\Faculdade\AlcatechRH\DPManagement.API\DPManagement.API.csproj]
C:\Program Files\dotnet\sdk\9.0.308\Microsoft.Common.CurrentVersion.targets(5093,5): warning MSB3026: não foi possível copiar "C:\Faculdade\AlcatechRH\DPManagement.Infrastructure\bin\Debug\net9.0\DPManagement.Infrastructure.dll" para "bin\Debug\net9.0\DPManagement.Infrastructure.dll". Iniciando nova tentativa 5 em 1000ms. The process cannot access the file 'C:\Faculdade\AlcatechRH\DPManagement.API\bin\Debug\net9.0\DPManagement.Infrastructure.dll' because it is being used by another process. O arquivo é bloqueado por: "Microsoft Visual Studio 2022 (18608), DPManagement.API (19316)" [C:\Faculdade\AlcatechRH\DPManagement.API\DPManagement.API.csproj]
C:\Program Files\dotnet\sdk\9.0.308\Microsoft.Common.CurrentVersion.targets(5093,5): warning MSB3026: não foi possível copiar "C:\Faculdade\AlcatechRH\DPManagement.Application\bin\Debug\net9.0\DPManagement.Application.dll" para "bin\Debug\net9.0\DPManagement.Application.dll". Iniciando nova tentativa 6 em 1000ms. The process cannot access the file 'C:\Faculdade\AlcatechRH\DPManagement.API\bin\Debug\net9.0\DPManagement.Application.dll' because it is being used by another process. O arquivo é bloqueado por: "DPManagement.API (19316)" [C:\Faculdade\AlcatechRH\DPManagement.API\DPManagement.API.csproj]
C:\Program Files\dotnet\sdk\9.0.308\Microsoft.Common.CurrentVersion.targets(5093,5): warning MSB3026: não foi possível copiar "C:\Faculdade\AlcatechRH\DPManagement.Domain\bin\Debug\net9.0\DPManagement.Domain.dll" para "bin\Debug\net9.0\DPManagement.Domain.dll". Iniciando nova tentativa 6 em 1000ms. The process cannot access the file 'C:\Faculdade\AlcatechRH\DPManagement.API\bin\Debug\net9.0\DPManagement.Domain.dll' because it is being used by another process. O arquivo é bloqueado por: "DPManagement.API (19316)" [C:\Faculdade\AlcatechRH\DPManagement.API\DPManagement.API.csproj]
C:\Program Files\dotnet\sdk\9.0.308\Microsoft.Common.CurrentVersion.targets(5093,5): warning MSB3026: não foi possível copiar "C:\Faculdade\AlcatechRH\DPManagement.Infrastructure\bin\Debug\net9.0\DPManagement.Infrastructure.dll" para "bin\Debug\net9.0\DPManagement.Infrastructure.dll". Iniciando nova tentativa 6 em 1000ms. The process cannot access the file 'C:\Faculdade\AlcatechRH\DPManagement.API\bin\Debug\net9.0\DPManagement.Infrastructure.dll' because it is being used by another process. O arquivo é bloqueado por: "Microsoft Visual Studio 2022 (18608), DPManagement.API (19316)" [C:\Faculdade\AlcatechRH\DPManagement.API\DPManagement.API.csproj]
C:\Program Files\dotnet\sdk\9.0.308\Microsoft.Common.CurrentVersion.targets(5093,5): warning MSB3026: não foi possível copiar "C:\Faculdade\AlcatechRH\DPManagement.Domain\bin\Debug\net9.0\DPManagement.Domain.dll" para "bin\Debug\net9.0\DPManagement.Domain.dll". Iniciando nova tentativa 7 em 1000ms. The process cannot access the file 'C:\Faculdade\AlcatechRH\DPManagement.API\bin\Debug\net9.0\DPManagement.Domain.dll' because it is being used by another process. O arquivo é bloqueado por: "DPManagement.API (19316)" [C:\Faculdade\AlcatechRH\DPManagement.API\DPManagement.API.csproj]
C:\Program Files\dotnet\sdk\9.0.308\Microsoft.Common.CurrentVersion.targets(5093,5): warning MSB3026: não foi possível copiar "C:\Faculdade\AlcatechRH\DPManagement.Application\bin\Debug\net9.0\DPManagement.Application.dll" para "bin\Debug\net9.0\DPManagement.Application.dll". Iniciando nova tentativa 7 em 1000ms. The process cannot access the file 'C:\Faculdade\AlcatechRH\DPManagement.API\bin\Debug\net9.0\DPManagement.Application.dll' because it is being used by another process. O arquivo é bloqueado por: "DPManagement.API (19316)" [C:\Faculdade\AlcatechRH\DPManagement.API\DPManagement.API.csproj]
C:\Program Files\dotnet\sdk\9.0.308\Microsoft.Common.CurrentVersion.targets(5093,5): warning MSB3026: não foi possível copiar "C:\Faculdade\AlcatechRH\DPManagement.Infrastructure\bin\Debug\net9.0\DPManagement.Infrastructure.dll" para "bin\Debug\net9.0\DPManagement.Infrastructure.dll". Iniciando nova tentativa 7 em 1000ms. The process cannot access the file 'C:\Faculdade\AlcatechRH\DPManagement.API\bin\Debug\net9.0\DPManagement.Infrastructure.dll' because it is being used by another process. O arquivo é bloqueado por: "Microsoft Visual Studio 2022 (18608), DPManagement.API (19316)" [C:\Faculdade\AlcatechRH\DPManagement.API\DPManagement.API.csproj]
C:\Program Files\dotnet\sdk\9.0.308\Microsoft.Common.CurrentVersion.targets(5093,5): warning MSB3026: não foi possível copiar "C:\Faculdade\AlcatechRH\DPManagement.Application\bin\Debug\net9.0\DPManagement.Application.dll" para "bin\Debug\net9.0\DPManagement.Application.dll". Iniciando nova tentativa 8 em 1000ms. The process cannot access the file 'C:\Faculdade\AlcatechRH\DPManagement.API\bin\Debug\net9.0\DPManagement.Application.dll' because it is being used by another process. O arquivo é bloqueado por: "DPManagement.API (19316)" [C:\Faculdade\AlcatechRH\DPManagement.API\DPManagement.API.csproj]
C:\Program Files\dotnet\sdk\9.0.308\Microsoft.Common.CurrentVersion.targets(5093,5): warning MSB3026: não foi possível copiar "C:\Faculdade\AlcatechRH\DPManagement.Domain\bin\Debug\net9.0\DPManagement.Domain.dll" para "bin\Debug\net9.0\DPManagement.Domain.dll". Iniciando nova tentativa 8 em 1000ms. The process cannot access the file 'C:\Faculdade\AlcatechRH\DPManagement.API\bin\Debug\net9.0\DPManagement.Domain.dll' because it is being used by another process. O arquivo é bloqueado por: "DPManagement.API (19316)" [C:\Faculdade\AlcatechRH\DPManagement.API\DPManagement.API.csproj]
C:\Program Files\dotnet\sdk\9.0.308\Microsoft.Common.CurrentVersion.targets(5093,5): warning MSB3026: não foi possível copiar "C:\Faculdade\AlcatechRH\DPManagement.Infrastructure\bin\Debug\net9.0\DPManagement.Infrastructure.dll" para "bin\Debug\net9.0\DPManagement.Infrastructure.dll". Iniciando nova tentativa 8 em 1000ms. The process cannot access the file 'C:\Faculdade\AlcatechRH\DPManagement.API\bin\Debug\net9.0\DPManagement.Infrastructure.dll' because it is being used by another process. O arquivo é bloqueado por: "Microsoft Visual Studio 2022 (18608), DPManagement.API (19316)" [C:\Faculdade\AlcatechRH\DPManagement.API\DPManagement.API.csproj]
C:\Program Files\dotnet\sdk\9.0.308\Microsoft.Common.CurrentVersion.targets(5093,5): warning MSB3026: não foi possível copiar "C:\Faculdade\AlcatechRH\DPManagement.Application\bin\Debug\net9.0\DPManagement.Application.dll" para "bin\Debug\net9.0\DPManagement.Application.dll". Iniciando nova tentativa 9 em 1000ms. The process cannot access the file 'C:\Faculdade\AlcatechRH\DPManagement.API\bin\Debug\net9.0\DPManagement.Application.dll' because it is being used by another process. O arquivo é bloqueado por: "DPManagement.API (19316)" [C:\Faculdade\AlcatechRH\DPManagement.API\DPManagement.API.csproj]
C:\Program Files\dotnet\sdk\9.0.308\Microsoft.Common.CurrentVersion.targets(5093,5): warning MSB3026: não foi possível copiar "C:\Faculdade\AlcatechRH\DPManagement.Domain\bin\Debug\net9.0\DPManagement.Domain.dll" para "bin\Debug\net9.0\DPManagement.Domain.dll". Iniciando nova tentativa 9 em 1000ms. The process cannot access the file 'C:\Faculdade\AlcatechRH\DPManagement.API\bin\Debug\net9.0\DPManagement.Domain.dll' because it is being used by another process. O arquivo é bloqueado por: "DPManagement.API (19316)" [C:\Faculdade\AlcatechRH\DPManagement.API\DPManagement.API.csproj]
C:\Program Files\dotnet\sdk\9.0.308\Microsoft.Common.CurrentVersion.targets(5093,5): warning MSB3026: não foi possível copiar "C:\Faculdade\AlcatechRH\DPManagement.Infrastructure\bin\Debug\net9.0\DPManagement.Infrastructure.dll" para "bin\Debug\net9.0\DPManagement.Infrastructure.dll". Iniciando nova tentativa 9 em 1000ms. The process cannot access the file 'C:\Faculdade\AlcatechRH\DPManagement.API\bin\Debug\net9.0\DPManagement.Infrastructure.dll' because it is being used by another process. O arquivo é bloqueado por: "Microsoft Visual Studio 2022 (18608), DPManagement.API (19316)" [C:\Faculdade\AlcatechRH\DPManagement.API\DPManagement.API.csproj]
C:\Program Files\dotnet\sdk\9.0.308\Microsoft.Common.CurrentVersion.targets(5093,5): warning MSB3026: não foi possível copiar "C:\Faculdade\AlcatechRH\DPManagement.Application\bin\Debug\net9.0\DPManagement.Application.dll" para "bin\Debug\net9.0\DPManagement.Application.dll". Iniciando nova tentativa 10 em 1000ms. The process cannot access the file 'C:\Faculdade\AlcatechRH\DPManagement.API\bin\Debug\net9.0\DPManagement.Application.dll' because it is being used by another process. O arquivo é bloqueado por: "DPManagement.API (19316)" [C:\Faculdade\AlcatechRH\DPManagement.API\DPManagement.API.csproj]
C:\Program Files\dotnet\sdk\9.0.308\Microsoft.Common.CurrentVersion.targets(5093,5): warning MSB3026: não foi possível copiar "C:\Faculdade\AlcatechRH\DPManagement.Domain\bin\Debug\net9.0\DPManagement.Domain.dll" para "bin\Debug\net9.0\DPManagement.Domain.dll". Iniciando nova tentativa 10 em 1000ms. The process cannot access the file 'C:\Faculdade\AlcatechRH\DPManagement.API\bin\Debug\net9.0\DPManagement.Domain.dll' because it is being used by another process. O arquivo é bloqueado por: "DPManagement.API (19316)" [C:\Faculdade\AlcatechRH\DPManagement.API\DPManagement.API.csproj]
C:\Program Files\dotnet\sdk\9.0.308\Microsoft.Common.CurrentVersion.targets(5093,5): warning MSB3026: não foi possível copiar "C:\Faculdade\AlcatechRH\DPManagement.Infrastructure\bin\Debug\net9.0\DPManagement.Infrastructure.dll" para "bin\Debug\net9.0\DPManagement.Infrastructure.dll". Iniciando nova tentativa 10 em 1000ms. The process cannot access the file 'C:\Faculdade\AlcatechRH\DPManagement.API\bin\Debug\net9.0\DPManagement.Infrastructure.dll' because it is being used by another process. O arquivo é bloqueado por: "Microsoft Visual Studio 2022 (18608), DPManagement.API (19316)" [C:\Faculdade\AlcatechRH\DPManagement.API\DPManagement.API.csproj]
C:\Program Files\dotnet\sdk\9.0.308\Microsoft.Common.CurrentVersion.targets(5093,5): error MSB3027: não foi possível copiar "C:\Faculdade\AlcatechRH\DPManagement.Application\bin\Debug\net9.0\DPManagement.Application.dll" para "bin\Debug\net9.0\DPManagement.Application.dll". Número de novas tentativas 10 excedido. Falha. O arquivo é bloqueado por: "DPManagement.API (19316)" [C:\Faculdade\AlcatechRH\DPManagement.API\DPManagement.API.csproj]
C:\Program Files\dotnet\sdk\9.0.308\Microsoft.Common.CurrentVersion.targets(5093,5): error MSB3027: não foi possível copiar "C:\Faculdade\AlcatechRH\DPManagement.Domain\bin\Debug\net9.0\DPManagement.Domain.dll" para "bin\Debug\net9.0\DPManagement.Domain.dll". Número de novas tentativas 10 excedido. Falha. O arquivo é bloqueado por: "DPManagement.API (19316)" [C:\Faculdade\AlcatechRH\DPManagement.API\DPManagement.API.csproj]
C:\Program Files\dotnet\sdk\9.0.308\Microsoft.Common.CurrentVersion.targets(5093,5): error MSB3021: Não é possível copiar o arquivo "C:\Faculdade\AlcatechRH\DPManagement.Application\bin\Debug\net9.0\DPManagement.Application.dll" para "bin\Debug\net9.0\DPManagement.Application.dll". The process cannot access the file 'C:\Faculdade\AlcatechRH\DPManagement.API\bin\Debug\net9.0\DPManagement.Application.dll' because it is being used by another process. [C:\Faculdade\AlcatechRH\DPManagement.API\DPManagement.API.csproj]
C:\Program Files\dotnet\sdk\9.0.308\Microsoft.Common.CurrentVersion.targets(5093,5): error MSB3021: Não é possível copiar o arquivo "C:\Faculdade\AlcatechRH\DPManagement.Domain\bin\Debug\net9.0\DPManagement.Domain.dll" para "bin\Debug\net9.0\DPManagement.Domain.dll". The process cannot access the file 'C:\Faculdade\AlcatechRH\DPManagement.API\bin\Debug\net9.0\DPManagement.Domain.dll' because it is being used by another process. [C:\Faculdade\AlcatechRH\DPManagement.API\DPManagement.API.csproj]
C:\Program Files\dotnet\sdk\9.0.308\Microsoft.Common.CurrentVersion.targets(5093,5): error MSB3027: não foi possível copiar "C:\Faculdade\AlcatechRH\DPManagement.Infrastructure\bin\Debug\net9.0\DPManagement.Infrastructure.dll" para "bin\Debug\net9.0\DPManagement.Infrastructure.dll". Número de novas tentativas 10 excedido. Falha. O arquivo é bloqueado por: "Microsoft Visual Studio 2022 (18608), DPManagement.API (19316)" [C:\Faculdade\AlcatechRH\DPManagement.API\DPManagement.API.csproj]
C:\Program Files\dotnet\sdk\9.0.308\Microsoft.Common.CurrentVersion.targets(5093,5): error MSB3021: Não é possível copiar o arquivo "C:\Faculdade\AlcatechRH\DPManagement.Infrastructure\bin\Debug\net9.0\DPManagement.Infrastructure.dll" para "bin\Debug\net9.0\DPManagement.Infrastructure.dll". The process cannot access the file 'C:\Faculdade\AlcatechRH\DPManagement.API\bin\Debug\net9.0\DPManagement.Infrastructure.dll' because it is being used by another process. [C:\Faculdade\AlcatechRH\DPManagement.API\DPManagement.API.csproj]

FALHA da compilação.

C:\Program Files\dotnet\sdk\9.0.308\Microsoft.Common.CurrentVersion.targets(5093,5): warning MSB3026: não foi possível copiar "C:\Faculdade\AlcatechRH\DPManagement.Domain\bin\Debug\net9.0\DPManagement.Domain.dll" para "bin\Debug\net9.0\DPManagement.Domain.dll". Iniciando nova tentativa 1 em 1000ms. The process cannot access the file 'C:\Faculdade\AlcatechRH\DPManagement.API\bin\Debug\net9.0\DPManagement.Domain.dll' because it is being used by another process. O arquivo é bloqueado por: "DPManagement.API (19316)" [C:\Faculdade\AlcatechRH\DPManagement.API\DPManagement.API.csproj]
C:\Program Files\dotnet\sdk\9.0.308\Microsoft.Common.CurrentVersion.targets(5093,5): warning MSB3026: não foi possível copiar "C:\Faculdade\AlcatechRH\DPManagement.Application\bin\Debug\net9.0\DPManagement.Application.dll" para "bin\Debug\net9.0\DPManagement.Application.dll". Iniciando nova tentativa 1 em 1000ms. The process cannot access the file 'C:\Faculdade\AlcatechRH\DPManagement.API\bin\Debug\net9.0\DPManagement.Application.dll' because it is being used by another process. O arquivo é bloqueado por: "DPManagement.API (19316)" [C:\Faculdade\AlcatechRH\DPManagement.API\DPManagement.API.csproj]
C:\Program Files\dotnet\sdk\9.0.308\Microsoft.Common.CurrentVersion.targets(5093,5): warning MSB3026: não foi possível copiar "C:\Faculdade\AlcatechRH\DPManagement.Infrastructure\bin\Debug\net9.0\DPManagement.Infrastructure.dll" para "bin\Debug\net9.0\DPManagement.Infrastructure.dll". Iniciando nova tentativa 1 em 1000ms. The process cannot access the file 'C:\Faculdade\AlcatechRH\DPManagement.API\bin\Debug\net9.0\DPManagement.Infrastructure.dll' because it is being used by another process. O arquivo é bloqueado por: "Microsoft Visual Studio 2022 (18608), DPManagement.API (19316)" [C:\Faculdade\AlcatechRH\DPManagement.API\DPManagement.API.csproj]
C:\Program Files\dotnet\sdk\9.0.308\Microsoft.Common.CurrentVersion.targets(5093,5): warning MSB3026: não foi possível copiar "C:\Faculdade\AlcatechRH\DPManagement.Domain\bin\Debug\net9.0\DPManagement.Domain.dll" para "bin\Debug\net9.0\DPManagement.Domain.dll". Iniciando nova tentativa 2 em 1000ms. The process cannot access the file 'C:\Faculdade\AlcatechRH\DPManagement.API\bin\Debug\net9.0\DPManagement.Domain.dll' because it is being used by another process. O arquivo é bloqueado por: "DPManagement.API (19316)" [C:\Faculdade\AlcatechRH\DPManagement.API\DPManagement.API.csproj]
C:\Program Files\dotnet\sdk\9.0.308\Microsoft.Common.CurrentVersion.targets(5093,5): warning MSB3026: não foi possível copiar "C:\Faculdade\AlcatechRH\DPManagement.Application\bin\Debug\net9.0\DPManagement.Application.dll" para "bin\Debug\net9.0\DPManagement.Application.dll". Iniciando nova tentativa 2 em 1000ms. The process cannot access the file 'C:\Faculdade\AlcatechRH\DPManagement.API\bin\Debug\net9.0\DPManagement.Application.dll' because it is being used by another process. O arquivo é bloqueado por: "DPManagement.API (19316)" [C:\Faculdade\AlcatechRH\DPManagement.API\DPManagement.API.csproj]
C:\Program Files\dotnet\sdk\9.0.308\Microsoft.Common.CurrentVersion.targets(5093,5): warning MSB3026: não foi possível copiar "C:\Faculdade\AlcatechRH\DPManagement.Infrastructure\bin\Debug\net9.0\DPManagement.Infrastructure.dll" para "bin\Debug\net9.0\DPManagement.Infrastructure.dll". Iniciando nova tentativa 2 em 1000ms. The process cannot access the file 'C:\Faculdade\AlcatechRH\DPManagement.API\bin\Debug\net9.0\DPManagement.Infrastructure.dll' because it is being used by another process. O arquivo é bloqueado por: "Microsoft Visual Studio 2022 (18608), DPManagement.API (19316)" [C:\Faculdade\AlcatechRH\DPManagement.API\DPManagement.API.csproj]
C:\Program Files\dotnet\sdk\9.0.308\Microsoft.Common.CurrentVersion.targets(5093,5): warning MSB3026: não foi possível copiar "C:\Faculdade\AlcatechRH\DPManagement.Domain\bin\Debug\net9.0\DPManagement.Domain.dll" para "bin\Debug\net9.0\DPManagement.Domain.dll". Iniciando nova tentativa 3 em 1000ms. The process cannot access the file 'C:\Faculdade\AlcatechRH\DPManagement.API\bin\Debug\net9.0\DPManagement.Domain.dll' because it is being used by another process. O arquivo é bloqueado por: "DPManagement.API (19316)" [C:\Faculdade\AlcatechRH\DPManagement.API\DPManagement.API.csproj]
C:\Program Files\dotnet\sdk\9.0.308\Microsoft.Common.CurrentVersion.targets(5093,5): warning MSB3026: não foi possível copiar "C:\Faculdade\AlcatechRH\DPManagement.Application\bin\Debug\net9.0\DPManagement.Application.dll" para "bin\Debug\net9.0\DPManagement.Application.dll". Iniciando nova tentativa 3 em 1000ms. The process cannot access the file 'C:\Faculdade\AlcatechRH\DPManagement.API\bin\Debug\net9.0\DPManagement.Application.dll' because it is being used by another process. O arquivo é bloqueado por: "DPManagement.API (19316)" [C:\Faculdade\AlcatechRH\DPManagement.API\DPManagement.API.csproj]
C:\Program Files\dotnet\sdk\9.0.308\Microsoft.Common.CurrentVersion.targets(5093,5): warning MSB3026: não foi possível copiar "C:\Faculdade\AlcatechRH\DPManagement.Infrastructure\bin\Debug\net9.0\DPManagement.Infrastructure.dll" para "bin\Debug\net9.0\DPManagement.Infrastructure.dll". Iniciando nova tentativa 3 em 1000ms. The process cannot access the file 'C:\Faculdade\AlcatechRH\DPManagement.API\bin\Debug\net9.0\DPManagement.Infrastructure.dll' because it is being used by another process. O arquivo é bloqueado por: "Microsoft Visual Studio 2022 (18608), DPManagement.API (19316)" [C:\Faculdade\AlcatechRH\DPManagement.API\DPManagement.API.csproj]
C:\Program Files\dotnet\sdk\9.0.308\Microsoft.Common.CurrentVersion.targets(5093,5): warning MSB3026: não foi possível copiar "C:\Faculdade\AlcatechRH\DPManagement.Application\bin\Debug\net9.0\DPManagement.Application.dll" para "bin\Debug\net9.0\DPManagement.Application.dll". Iniciando nova tentativa 4 em 1000ms. The process cannot access the file 'C:\Faculdade\AlcatechRH\DPManagement.API\bin\Debug\net9.0\DPManagement.Application.dll' because it is being used by another process. O arquivo é bloqueado por: "DPManagement.API (19316)" [C:\Faculdade\AlcatechRH\DPManagement.API\DPManagement.API.csproj]
C:\Program Files\dotnet\sdk\9.0.308\Microsoft.Common.CurrentVersion.targets(5093,5): warning MSB3026: não foi possível copiar "C:\Faculdade\AlcatechRH\DPManagement.Domain\bin\Debug\net9.0\DPManagement.Domain.dll" para "bin\Debug\net9.0\DPManagement.Domain.dll". Iniciando nova tentativa 4 em 1000ms. The process cannot access the file 'C:\Faculdade\AlcatechRH\DPManagement.API\bin\Debug\net9.0\DPManagement.Domain.dll' because it is being used by another process. O arquivo é bloqueado por: "DPManagement.API (19316)" [C:\Faculdade\AlcatechRH\DPManagement.API\DPManagement.API.csproj]
C:\Program Files\dotnet\sdk\9.0.308\Microsoft.Common.CurrentVersion.targets(5093,5): warning MSB3026: não foi possível copiar "C:\Faculdade\AlcatechRH\DPManagement.Infrastructure\bin\Debug\net9.0\DPManagement.Infrastructure.dll" para "bin\Debug\net9.0\DPManagement.Infrastructure.dll". Iniciando nova tentativa 4 em 1000ms. The process cannot access the file 'C:\Faculdade\AlcatechRH\DPManagement.API\bin\Debug\net9.0\DPManagement.Infrastructure.dll' because it is being used by another process. O arquivo é bloqueado por: "Microsoft Visual Studio 2022 (18608), DPManagement.API (19316)" [C:\Faculdade\AlcatechRH\DPManagement.API\DPManagement.API.csproj]
C:\Program Files\dotnet\sdk\9.0.308\Microsoft.Common.CurrentVersion.targets(5093,5): warning MSB3026: não foi possível copiar "C:\Faculdade\AlcatechRH\DPManagement.Domain\bin\Debug\net9.0\DPManagement.Domain.dll" para "bin\Debug\net9.0\DPManagement.Domain.dll". Iniciando nova tentativa 5 em 1000ms. The process cannot access the file 'C:\Faculdade\AlcatechRH\DPManagement.API\bin\Debug\net9.0\DPManagement.Domain.dll' because it is being used by another process. O arquivo é bloqueado por: "DPManagement.API (19316)" [C:\Faculdade\AlcatechRH\DPManagement.API\DPManagement.API.csproj]
C:\Program Files\dotnet\sdk\9.0.308\Microsoft.Common.CurrentVersion.targets(5093,5): warning MSB3026: não foi possível copiar "C:\Faculdade\AlcatechRH\DPManagement.Application\bin\Debug\net9.0\DPManagement.Application.dll" para "bin\Debug\net9.0\DPManagement.Application.dll". Iniciando nova tentativa 5 em 1000ms. The process cannot access the file 'C:\Faculdade\AlcatechRH\DPManagement.API\bin\Debug\net9.0\DPManagement.Application.dll' because it is being used by another process. O arquivo é bloqueado por: "DPManagement.API (19316)" [C:\Faculdade\AlcatechRH\DPManagement.API\DPManagement.API.csproj]
C:\Program Files\dotnet\sdk\9.0.308\Microsoft.Common.CurrentVersion.targets(5093,5): warning MSB3026: não foi possível copiar "C:\Faculdade\AlcatechRH\DPManagement.Infrastructure\bin\Debug\net9.0\DPManagement.Infrastructure.dll" para "bin\Debug\net9.0\DPManagement.Infrastructure.dll". Iniciando nova tentativa 5 em 1000ms. The process cannot access the file 'C:\Faculdade\AlcatechRH\DPManagement.API\bin\Debug\net9.0\DPManagement.Infrastructure.dll' because it is being used by another process. O arquivo é bloqueado por: "Microsoft Visual Studio 2022 (18608), DPManagement.API (19316)" [C:\Faculdade\AlcatechRH\DPManagement.API\DPManagement.API.csproj]
C:\Program Files\dotnet\sdk\9.0.308\Microsoft.Common.CurrentVersion.targets(5093,5): warning MSB3026: não foi possível copiar "C:\Faculdade\AlcatechRH\DPManagement.Application\bin\Debug\net9.0\DPManagement.Application.dll" para "bin\Debug\net9.0\DPManagement.Application.dll". Iniciando nova tentativa 6 em 1000ms. The process cannot access the file 'C:\Faculdade\AlcatechRH\DPManagement.API\bin\Debug\net9.0\DPManagement.Application.dll' because it is being used by another process. O arquivo é bloqueado por: "DPManagement.API (19316)" [C:\Faculdade\AlcatechRH\DPManagement.API\DPManagement.API.csproj]
C:\Program Files\dotnet\sdk\9.0.308\Microsoft.Common.CurrentVersion.targets(5093,5): warning MSB3026: não foi possível copiar "C:\Faculdade\AlcatechRH\DPManagement.Domain\bin\Debug\net9.0\DPManagement.Domain.dll" para "bin\Debug\net9.0\DPManagement.Domain.dll". Iniciando nova tentativa 6 em 1000ms. The process cannot access the file 'C:\Faculdade\AlcatechRH\DPManagement.API\bin\Debug\net9.0\DPManagement.Domain.dll' because it is being used by another process. O arquivo é bloqueado por: "DPManagement.API (19316)" [C:\Faculdade\AlcatechRH\DPManagement.API\DPManagement.API.csproj]
C:\Program Files\dotnet\sdk\9.0.308\Microsoft.Common.CurrentVersion.targets(5093,5): warning MSB3026: não foi possível copiar "C:\Faculdade\AlcatechRH\DPManagement.Infrastructure\bin\Debug\net9.0\DPManagement.Infrastructure.dll" para "bin\Debug\net9.0\DPManagement.Infrastructure.dll". Iniciando nova tentativa 6 em 1000ms. The process cannot access the file 'C:\Faculdade\AlcatechRH\DPManagement.API\bin\Debug\net9.0\DPManagement.Infrastructure.dll' because it is being used by another process. O arquivo é bloqueado por: "Microsoft Visual Studio 2022 (18608), DPManagement.API (19316)" [C:\Faculdade\AlcatechRH\DPManagement.API\DPManagement.API.csproj]
C:\Program Files\dotnet\sdk\9.0.308\Microsoft.Common.CurrentVersion.targets(5093,5): warning MSB3026: não foi possível copiar "C:\Faculdade\AlcatechRH\DPManagement.Domain\bin\Debug\net9.0\DPManagement.Domain.dll" para "bin\Debug\net9.0\DPManagement.Domain.dll". Iniciando nova tentativa 7 em 1000ms. The process cannot access the file 'C:\Faculdade\AlcatechRH\DPManagement.API\bin\Debug\net9.0\DPManagement.Domain.dll' because it is being used by another process. O arquivo é bloqueado por: "DPManagement.API (19316)" [C:\Faculdade\AlcatechRH\DPManagement.API\DPManagement.API.csproj]
C:\Program Files\dotnet\sdk\9.0.308\Microsoft.Common.CurrentVersion.targets(5093,5): warning MSB3026: não foi possível copiar "C:\Faculdade\AlcatechRH\DPManagement.Application\bin\Debug\net9.0\DPManagement.Application.dll" para "bin\Debug\net9.0\DPManagement.Application.dll". Iniciando nova tentativa 7 em 1000ms. The process cannot access the file 'C:\Faculdade\AlcatechRH\DPManagement.API\bin\Debug\net9.0\DPManagement.Application.dll' because it is being used by another process. O arquivo é bloqueado por: "DPManagement.API (19316)" [C:\Faculdade\AlcatechRH\DPManagement.API\DPManagement.API.csproj]
C:\Program Files\dotnet\sdk\9.0.308\Microsoft.Common.CurrentVersion.targets(5093,5): warning MSB3026: não foi possível copiar "C:\Faculdade\AlcatechRH\DPManagement.Infrastructure\bin\Debug\net9.0\DPManagement.Infrastructure.dll" para "bin\Debug\net9.0\DPManagement.Infrastructure.dll". Iniciando nova tentativa 7 em 1000ms. The process cannot access the file 'C:\Faculdade\AlcatechRH\DPManagement.API\bin\Debug\net9.0\DPManagement.Infrastructure.dll' because it is being used by another process. O arquivo é bloqueado por: "Microsoft Visual Studio 2022 (18608), DPManagement.API (19316)" [C:\Faculdade\AlcatechRH\DPManagement.API\DPManagement.API.csproj]
C:\Program Files\dotnet\sdk\9.0.308\Microsoft.Common.CurrentVersion.targets(5093,5): warning MSB3026: não foi possível copiar "C:\Faculdade\AlcatechRH\DPManagement.Application\bin\Debug\net9.0\DPManagement.Application.dll" para "bin\Debug\net9.0\DPManagement.Application.dll". Iniciando nova tentativa 8 em 1000ms. The process cannot access the file 'C:\Faculdade\AlcatechRH\DPManagement.API\bin\Debug\net9.0\DPManagement.Application.dll' because it is being used by another process. O arquivo é bloqueado por: "DPManagement.API (19316)" [C:\Faculdade\AlcatechRH\DPManagement.API\DPManagement.API.csproj]
C:\Program Files\dotnet\sdk\9.0.308\Microsoft.Common.CurrentVersion.targets(5093,5): warning MSB3026: não foi possível copiar "C:\Faculdade\AlcatechRH\DPManagement.Domain\bin\Debug\net9.0\DPManagement.Domain.dll" para "bin\Debug\net9.0\DPManagement.Domain.dll". Iniciando nova tentativa 8 em 1000ms. The process cannot access the file 'C:\Faculdade\AlcatechRH\DPManagement.API\bin\Debug\net9.0\DPManagement.Domain.dll' because it is being used by another process. O arquivo é bloqueado por: "DPManagement.API (19316)" [C:\Faculdade\AlcatechRH\DPManagement.API\DPManagement.API.csproj]
C:\Program Files\dotnet\sdk\9.0.308\Microsoft.Common.CurrentVersion.targets(5093,5): warning MSB3026: não foi possível copiar "C:\Faculdade\AlcatechRH\DPManagement.Infrastructure\bin\Debug\net9.0\DPManagement.Infrastructure.dll" para "bin\Debug\net9.0\DPManagement.Infrastructure.dll". Iniciando nova tentativa 8 em 1000ms. The process cannot access the file 'C:\Faculdade\AlcatechRH\DPManagement.API\bin\Debug\net9.0\DPManagement.Infrastructure.dll' because it is being used by another process. O arquivo é bloqueado por: "Microsoft Visual Studio 2022 (18608), DPManagement.API (19316)" [C:\Faculdade\AlcatechRH\DPManagement.API\DPManagement.API.csproj]
C:\Program Files\dotnet\sdk\9.0.308\Microsoft.Common.CurrentVersion.targets(5093,5): warning MSB3026: não foi possível copiar "C:\Faculdade\AlcatechRH\DPManagement.Application\bin\Debug\net9.0\DPManagement.Application.dll" para "bin\Debug\net9.0\DPManagement.Application.dll". Iniciando nova tentativa 9 em 1000ms. The process cannot access the file 'C:\Faculdade\AlcatechRH\DPManagement.API\bin\Debug\net9.0\DPManagement.Application.dll' because it is being used by another process. O arquivo é bloqueado por: "DPManagement.API (19316)" [C:\Faculdade\AlcatechRH\DPManagement.API\DPManagement.API.csproj]
C:\Program Files\dotnet\sdk\9.0.308\Microsoft.Common.CurrentVersion.targets(5093,5): warning MSB3026: não foi possível copiar "C:\Faculdade\AlcatechRH\DPManagement.Domain\bin\Debug\net9.0\DPManagement.Domain.dll" para "bin\Debug\net9.0\DPManagement.Domain.dll". Iniciando nova tentativa 9 em 1000ms. The process cannot access the file 'C:\Faculdade\AlcatechRH\DPManagement.API\bin\Debug\net9.0\DPManagement.Domain.dll' because it is being used by another process. O arquivo é bloqueado por: "DPManagement.API (19316)" [C:\Faculdade\AlcatechRH\DPManagement.API\DPManagement.API.csproj]
C:\Program Files\dotnet\sdk\9.0.308\Microsoft.Common.CurrentVersion.targets(5093,5): warning MSB3026: não foi possível copiar "C:\Faculdade\AlcatechRH\DPManagement.Infrastructure\bin\Debug\net9.0\DPManagement.Infrastructure.dll" para "bin\Debug\net9.0\DPManagement.Infrastructure.dll". Iniciando nova tentativa 9 em 1000ms. The process cannot access the file 'C:\Faculdade\AlcatechRH\DPManagement.API\bin\Debug\net9.0\DPManagement.Infrastructure.dll' because it is being used by another process. O arquivo é bloqueado por: "Microsoft Visual Studio 2022 (18608), DPManagement.API (19316)" [C:\Faculdade\AlcatechRH\DPManagement.API\DPManagement.API.csproj]
C:\Program Files\dotnet\sdk\9.0.308\Microsoft.Common.CurrentVersion.targets(5093,5): warning MSB3026: não foi possível copiar "C:\Faculdade\AlcatechRH\DPManagement.Application\bin\Debug\net9.0\DPManagement.Application.dll" para "bin\Debug\net9.0\DPManagement.Application.dll". Iniciando nova tentativa 10 em 1000ms. The process cannot access the file 'C:\Faculdade\AlcatechRH\DPManagement.API\bin\Debug\net9.0\DPManagement.Application.dll' because it is being used by another process. O arquivo é bloqueado por: "DPManagement.API (19316)" [C:\Faculdade\AlcatechRH\DPManagement.API\DPManagement.API.csproj]
C:\Program Files\dotnet\sdk\9.0.308\Microsoft.Common.CurrentVersion.targets(5093,5): warning MSB3026: não foi possível copiar "C:\Faculdade\AlcatechRH\DPManagement.Domain\bin\Debug\net9.0\DPManagement.Domain.dll" para "bin\Debug\net9.0\DPManagement.Domain.dll". Iniciando nova tentativa 10 em 1000ms. The process cannot access the file 'C:\Faculdade\AlcatechRH\DPManagement.API\bin\Debug\net9.0\DPManagement.Domain.dll' because it is being used by another process. O arquivo é bloqueado por: "DPManagement.API (19316)" [C:\Faculdade\AlcatechRH\DPManagement.API\DPManagement.API.csproj]
C:\Program Files\dotnet\sdk\9.0.308\Microsoft.Common.CurrentVersion.targets(5093,5): warning MSB3026: não foi possível copiar "C:\Faculdade\AlcatechRH\DPManagement.Infrastructure\bin\Debug\net9.0\DPManagement.Infrastructure.dll" para "bin\Debug\net9.0\DPManagement.Infrastructure.dll". Iniciando nova tentativa 10 em 1000ms. The process cannot access the file 'C:\Faculdade\AlcatechRH\DPManagement.API\bin\Debug\net9.0\DPManagement.Infrastructure.dll' because it is being used by another process. O arquivo é bloqueado por: "Microsoft Visual Studio 2022 (18608), DPManagement.API (19316)" [C:\Faculdade\AlcatechRH\DPManagement.API\DPManagement.API.csproj]
C:\Program Files\dotnet\sdk\9.0.308\Microsoft.Common.CurrentVersion.targets(5093,5): error MSB3027: não foi possível copiar "C:\Faculdade\AlcatechRH\DPManagement.Application\bin\Debug\net9.0\DPManagement.Application.dll" para "bin\Debug\net9.0\DPManagement.Application.dll". Número de novas tentativas 10 excedido. Falha. O arquivo é bloqueado por: "DPManagement.API (19316)" [C:\Faculdade\AlcatechRH\DPManagement.API\DPManagement.API.csproj]
C:\Program Files\dotnet\sdk\9.0.308\Microsoft.Common.CurrentVersion.targets(5093,5): error MSB3027: não foi possível copiar "C:\Faculdade\AlcatechRH\DPManagement.Domain\bin\Debug\net9.0\DPManagement.Domain.dll" para "bin\Debug\net9.0\DPManagement.Domain.dll". Número de novas tentativas 10 excedido. Falha. O arquivo é bloqueado por: "DPManagement.API (19316)" [C:\Faculdade\AlcatechRH\DPManagement.API\DPManagement.API.csproj]
C:\Program Files\dotnet\sdk\9.0.308\Microsoft.Common.CurrentVersion.targets(5093,5): error MSB3021: Não é possível copiar o arquivo "C:\Faculdade\AlcatechRH\DPManagement.Application\bin\Debug\net9.0\DPManagement.Application.dll" para "bin\Debug\net9.0\DPManagement.Application.dll". The process cannot access the file 'C:\Faculdade\AlcatechRH\DPManagement.API\bin\Debug\net9.0\DPManagement.Application.dll' because it is being used by another process. [C:\Faculdade\AlcatechRH\DPManagement.API\DPManagement.API.csproj]
C:\Program Files\dotnet\sdk\9.0.308\Microsoft.Common.CurrentVersion.targets(5093,5): error MSB3021: Não é possível copiar o arquivo "C:\Faculdade\AlcatechRH\DPManagement.Domain\bin\Debug\net9.0\DPManagement.Domain.dll" para "bin\Debug\net9.0\DPManagement.Domain.dll". The process cannot access the file 'C:\Faculdade\AlcatechRH\DPManagement.API\bin\Debug\net9.0\DPManagement.Domain.dll' because it is being used by another process. [C:\Faculdade\AlcatechRH\DPManagement.API\DPManagement.API.csproj]
C:\Program Files\dotnet\sdk\9.0.308\Microsoft.Common.CurrentVersion.targets(5093,5): error MSB3027: não foi possível copiar "C:\Faculdade\AlcatechRH\DPManagement.Infrastructure\bin\Debug\net9.0\DPManagement.Infrastructure.dll" para "bin\Debug\net9.0\DPManagement.Infrastructure.dll". Número de novas tentativas 10 excedido. Falha. O arquivo é bloqueado por: "Microsoft Visual Studio 2022 (18608), DPManagement.API (19316)" [C:\Faculdade\AlcatechRH\DPManagement.API\DPManagement.API.csproj]
C:\Program Files\dotnet\sdk\9.0.308\Microsoft.Common.CurrentVersion.targets(5093,5): error MSB3021: Não é possível copiar o arquivo "C:\Faculdade\AlcatechRH\DPManagement.Infrastructure\bin\Debug\net9.0\DPManagement.Infrastructure.dll" para "bin\Debug\net9.0\DPManagement.Infrastructure.dll". The process cannot access the file 'C:\Faculdade\AlcatechRH\DPManagement.API\bin\Debug\net9.0\DPManagement.Infrastructure.dll' because it is being used by another process. [C:\Faculdade\AlcatechRH\DPManagement.API\DPManagement.API.csproj]
    30 Aviso(s)
    6 Erro(s)

Tempo Decorrido 00:00:13.58
