  Determinando os projetos a serem restaurados...
  Todos os projetos est├úo atualizados para restaura├º├úo.
  DPManagement.Domain -> C:\Faculdade\AlcatechRH\DPManagement.Domain\bin\Debug\net9.0\DPManagement.Domain.dll
  DPManagement.Application -> C:\Faculdade\AlcatechRH\DPManagement.Application\bin\Debug\net9.0\DPManagement.Application.dll
  DPManagement.Infrastructure -> C:\Faculdade\AlcatechRH\DPManagement.Infrastructure\bin\Debug\net9.0\DPManagement.Infrastructure.dll
C:\Program Files\dotnet\sdk\9.0.312\Microsoft.Common.CurrentVersion.targets(5093,5): warning MSB3026: n├úo foi poss├¡vel copiar "C:\Faculdade\AlcatechRH\DPManagement.Domain\bin\Debug\net9.0\DPManagement.Domain.dll" para "bin\Debug\net9.0\DPManagement.Domain.dll". Iniciando nova tentativa 1 em 1000ms. The process cannot access the file 'C:\Faculdade\AlcatechRH\DPManagement.API\bin\Debug\net9.0\DPManagement.Domain.dll' because it is being used by another process. O arquivo ├® bloqueado por: "DPManagement.API (29556)" [C:\Faculdade\AlcatechRH\DPManagement.API\DPManagement.API.csproj]
C:\Program Files\dotnet\sdk\9.0.312\Microsoft.Common.CurrentVersion.targets(5093,5): warning MSB3026: n├úo foi poss├¡vel copiar "C:\Faculdade\AlcatechRH\DPManagement.Infrastructure\bin\Debug\net9.0\DPManagement.Infrastructure.dll" para "bin\Debug\net9.0\DPManagement.Infrastructure.dll". Iniciando nova tentativa 1 em 1000ms. The process cannot access the file 'C:\Faculdade\AlcatechRH\DPManagement.API\bin\Debug\net9.0\DPManagement.Infrastructure.dll' because it is being used by another process. O arquivo ├® bloqueado por: "Microsoft Visual Studio 2022 (25880), DPManagement.API (29556)" [C:\Faculdade\AlcatechRH\DPManagement.API\DPManagement.API.csproj]
C:\Program Files\dotnet\sdk\9.0.312\Microsoft.Common.CurrentVersion.targets(5093,5): warning MSB3026: n├úo foi poss├¡vel copiar "C:\Faculdade\AlcatechRH\DPManagement.Application\bin\Debug\net9.0\DPManagement.Application.dll" para "bin\Debug\net9.0\DPManagement.Application.dll". Iniciando nova tentativa 1 em 1000ms. The process cannot access the file 'C:\Faculdade\AlcatechRH\DPManagement.API\bin\Debug\net9.0\DPManagement.Application.dll' because it is being used by another process. O arquivo ├® bloqueado por: "Microsoft Visual Studio 2022 (25880), DPManagement.API (29556)" [C:\Faculdade\AlcatechRH\DPManagement.API\DPManagement.API.csproj]
C:\Program Files\dotnet\sdk\9.0.312\Microsoft.Common.CurrentVersion.targets(5093,5): warning MSB3026: n├úo foi poss├¡vel copiar "C:\Faculdade\AlcatechRH\DPManagement.Domain\bin\Debug\net9.0\DPManagement.Domain.dll" para "bin\Debug\net9.0\DPManagement.Domain.dll". Iniciando nova tentativa 2 em 1000ms. The process cannot access the file 'C:\Faculdade\AlcatechRH\DPManagement.API\bin\Debug\net9.0\DPManagement.Domain.dll' because it is being used by another process. O arquivo ├® bloqueado por: "DPManagement.API (29556)" [C:\Faculdade\AlcatechRH\DPManagement.API\DPManagement.API.csproj]
C:\Program Files\dotnet\sdk\9.0.312\Microsoft.Common.CurrentVersion.targets(5093,5): warning MSB3026: n├úo foi poss├¡vel copiar "C:\Faculdade\AlcatechRH\DPManagement.Application\bin\Debug\net9.0\DPManagement.Application.dll" para "bin\Debug\net9.0\DPManagement.Application.dll". Iniciando nova tentativa 2 em 1000ms. The process cannot access the file 'C:\Faculdade\AlcatechRH\DPManagement.API\bin\Debug\net9.0\DPManagement.Application.dll' because it is being used by another process. O arquivo ├® bloqueado por: "Microsoft Visual Studio 2022 (25880), DPManagement.API (29556)" [C:\Faculdade\AlcatechRH\DPManagement.API\DPManagement.API.csproj]
C:\Program Files\dotnet\sdk\9.0.312\Microsoft.Common.CurrentVersion.targets(5093,5): warning MSB3026: n├úo foi poss├¡vel copiar "C:\Faculdade\AlcatechRH\DPManagement.Infrastructure\bin\Debug\net9.0\DPManagement.Infrastructure.dll" para "bin\Debug\net9.0\DPManagement.Infrastructure.dll". Iniciando nova tentativa 2 em 1000ms. The process cannot access the file 'C:\Faculdade\AlcatechRH\DPManagement.API\bin\Debug\net9.0\DPManagement.Infrastructure.dll' because it is being used by another process. O arquivo ├® bloqueado por: "Microsoft Visual Studio 2022 (25880), DPManagement.API (29556)" [C:\Faculdade\AlcatechRH\DPManagement.API\DPManagement.API.csproj]
C:\Program Files\dotnet\sdk\9.0.312\Microsoft.Common.CurrentVersion.targets(5093,5): warning MSB3026: n├úo foi poss├¡vel copiar "C:\Faculdade\AlcatechRH\DPManagement.Domain\bin\Debug\net9.0\DPManagement.Domain.dll" para "bin\Debug\net9.0\DPManagement.Domain.dll". Iniciando nova tentativa 3 em 1000ms. The process cannot access the file 'C:\Faculdade\AlcatechRH\DPManagement.API\bin\Debug\net9.0\DPManagement.Domain.dll' because it is being used by another process. O arquivo ├® bloqueado por: "DPManagement.API (29556)" [C:\Faculdade\AlcatechRH\DPManagement.API\DPManagement.API.csproj]
C:\Program Files\dotnet\sdk\9.0.312\Microsoft.Common.CurrentVersion.targets(5093,5): warning MSB3026: n├úo foi poss├¡vel copiar "C:\Faculdade\AlcatechRH\DPManagement.Infrastructure\bin\Debug\net9.0\DPManagement.Infrastructure.dll" para "bin\Debug\net9.0\DPManagement.Infrastructure.dll". Iniciando nova tentativa 3 em 1000ms. The process cannot access the file 'C:\Faculdade\AlcatechRH\DPManagement.API\bin\Debug\net9.0\DPManagement.Infrastructure.dll' because it is being used by another process. O arquivo ├® bloqueado por: "Microsoft Visual Studio 2022 (25880), DPManagement.API (29556)" [C:\Faculdade\AlcatechRH\DPManagement.API\DPManagement.API.csproj]
C:\Program Files\dotnet\sdk\9.0.312\Microsoft.Common.CurrentVersion.targets(5093,5): warning MSB3026: n├úo foi poss├¡vel copiar "C:\Faculdade\AlcatechRH\DPManagement.Application\bin\Debug\net9.0\DPManagement.Application.dll" para "bin\Debug\net9.0\DPManagement.Application.dll". Iniciando nova tentativa 3 em 1000ms. The process cannot access the file 'C:\Faculdade\AlcatechRH\DPManagement.API\bin\Debug\net9.0\DPManagement.Application.dll' because it is being used by another process. O arquivo ├® bloqueado por: "Microsoft Visual Studio 2022 (25880), DPManagement.API (29556)" [C:\Faculdade\AlcatechRH\DPManagement.API\DPManagement.API.csproj]
C:\Program Files\dotnet\sdk\9.0.312\Microsoft.Common.CurrentVersion.targets(5093,5): warning MSB3026: n├úo foi poss├¡vel copiar "C:\Faculdade\AlcatechRH\DPManagement.Domain\bin\Debug\net9.0\DPManagement.Domain.dll" para "bin\Debug\net9.0\DPManagement.Domain.dll". Iniciando nova tentativa 4 em 1000ms. The process cannot access the file 'C:\Faculdade\AlcatechRH\DPManagement.API\bin\Debug\net9.0\DPManagement.Domain.dll' because it is being used by another process. O arquivo ├® bloqueado por: "DPManagement.API (29556)" [C:\Faculdade\AlcatechRH\DPManagement.API\DPManagement.API.csproj]
C:\Program Files\dotnet\sdk\9.0.312\Microsoft.Common.CurrentVersion.targets(5093,5): warning MSB3026: n├úo foi poss├¡vel copiar "C:\Faculdade\AlcatechRH\DPManagement.Application\bin\Debug\net9.0\DPManagement.Application.dll" para "bin\Debug\net9.0\DPManagement.Application.dll". Iniciando nova tentativa 4 em 1000ms. The process cannot access the file 'C:\Faculdade\AlcatechRH\DPManagement.API\bin\Debug\net9.0\DPManagement.Application.dll' because it is being used by another process. O arquivo ├® bloqueado por: "Microsoft Visual Studio 2022 (25880), DPManagement.API (29556)" [C:\Faculdade\AlcatechRH\DPManagement.API\DPManagement.API.csproj]
C:\Program Files\dotnet\sdk\9.0.312\Microsoft.Common.CurrentVersion.targets(5093,5): warning MSB3026: n├úo foi poss├¡vel copiar "C:\Faculdade\AlcatechRH\DPManagement.Infrastructure\bin\Debug\net9.0\DPManagement.Infrastructure.dll" para "bin\Debug\net9.0\DPManagement.Infrastructure.dll". Iniciando nova tentativa 4 em 1000ms. The process cannot access the file 'C:\Faculdade\AlcatechRH\DPManagement.API\bin\Debug\net9.0\DPManagement.Infrastructure.dll' because it is being used by another process. O arquivo ├® bloqueado por: "Microsoft Visual Studio 2022 (25880), DPManagement.API (29556)" [C:\Faculdade\AlcatechRH\DPManagement.API\DPManagement.API.csproj]
C:\Program Files\dotnet\sdk\9.0.312\Microsoft.Common.CurrentVersion.targets(5093,5): warning MSB3026: n├úo foi poss├¡vel copiar "C:\Faculdade\AlcatechRH\DPManagement.Domain\bin\Debug\net9.0\DPManagement.Domain.dll" para "bin\Debug\net9.0\DPManagement.Domain.dll". Iniciando nova tentativa 5 em 1000ms. The process cannot access the file 'C:\Faculdade\AlcatechRH\DPManagement.API\bin\Debug\net9.0\DPManagement.Domain.dll' because it is being used by another process. O arquivo ├® bloqueado por: "DPManagement.API (29556)" [C:\Faculdade\AlcatechRH\DPManagement.API\DPManagement.API.csproj]
C:\Program Files\dotnet\sdk\9.0.312\Microsoft.Common.CurrentVersion.targets(5093,5): warning MSB3026: n├úo foi poss├¡vel copiar "C:\Faculdade\AlcatechRH\DPManagement.Application\bin\Debug\net9.0\DPManagement.Application.dll" para "bin\Debug\net9.0\DPManagement.Application.dll". Iniciando nova tentativa 5 em 1000ms. The process cannot access the file 'C:\Faculdade\AlcatechRH\DPManagement.API\bin\Debug\net9.0\DPManagement.Application.dll' because it is being used by another process. O arquivo ├® bloqueado por: "Microsoft Visual Studio 2022 (25880), DPManagement.API (29556)" [C:\Faculdade\AlcatechRH\DPManagement.API\DPManagement.API.csproj]
C:\Program Files\dotnet\sdk\9.0.312\Microsoft.Common.CurrentVersion.targets(5093,5): warning MSB3026: n├úo foi poss├¡vel copiar "C:\Faculdade\AlcatechRH\DPManagement.Infrastructure\bin\Debug\net9.0\DPManagement.Infrastructure.dll" para "bin\Debug\net9.0\DPManagement.Infrastructure.dll". Iniciando nova tentativa 5 em 1000ms. The process cannot access the file 'C:\Faculdade\AlcatechRH\DPManagement.API\bin\Debug\net9.0\DPManagement.Infrastructure.dll' because it is being used by another process. O arquivo ├® bloqueado por: "Microsoft Visual Studio 2022 (25880), DPManagement.API (29556)" [C:\Faculdade\AlcatechRH\DPManagement.API\DPManagement.API.csproj]
C:\Program Files\dotnet\sdk\9.0.312\Microsoft.Common.CurrentVersion.targets(5093,5): warning MSB3026: n├úo foi poss├¡vel copiar "C:\Faculdade\AlcatechRH\DPManagement.Domain\bin\Debug\net9.0\DPManagement.Domain.dll" para "bin\Debug\net9.0\DPManagement.Domain.dll". Iniciando nova tentativa 6 em 1000ms. The process cannot access the file 'C:\Faculdade\AlcatechRH\DPManagement.API\bin\Debug\net9.0\DPManagement.Domain.dll' because it is being used by another process. O arquivo ├® bloqueado por: "DPManagement.API (29556)" [C:\Faculdade\AlcatechRH\DPManagement.API\DPManagement.API.csproj]
C:\Program Files\dotnet\sdk\9.0.312\Microsoft.Common.CurrentVersion.targets(5093,5): warning MSB3026: n├úo foi poss├¡vel copiar "C:\Faculdade\AlcatechRH\DPManagement.Infrastructure\bin\Debug\net9.0\DPManagement.Infrastructure.dll" para "bin\Debug\net9.0\DPManagement.Infrastructure.dll". Iniciando nova tentativa 6 em 1000ms. The process cannot access the file 'C:\Faculdade\AlcatechRH\DPManagement.API\bin\Debug\net9.0\DPManagement.Infrastructure.dll' because it is being used by another process. O arquivo ├® bloqueado por: "Microsoft Visual Studio 2022 (25880), DPManagement.API (29556)" [C:\Faculdade\AlcatechRH\DPManagement.API\DPManagement.API.csproj]
C:\Program Files\dotnet\sdk\9.0.312\Microsoft.Common.CurrentVersion.targets(5093,5): warning MSB3026: n├úo foi poss├¡vel copiar "C:\Faculdade\AlcatechRH\DPManagement.Application\bin\Debug\net9.0\DPManagement.Application.dll" para "bin\Debug\net9.0\DPManagement.Application.dll". Iniciando nova tentativa 6 em 1000ms. The process cannot access the file 'C:\Faculdade\AlcatechRH\DPManagement.API\bin\Debug\net9.0\DPManagement.Application.dll' because it is being used by another process. O arquivo ├® bloqueado por: "Microsoft Visual Studio 2022 (25880), DPManagement.API (29556)" [C:\Faculdade\AlcatechRH\DPManagement.API\DPManagement.API.csproj]
C:\Program Files\dotnet\sdk\9.0.312\Microsoft.Common.CurrentVersion.targets(5093,5): warning MSB3026: n├úo foi poss├¡vel copiar "C:\Faculdade\AlcatechRH\DPManagement.Domain\bin\Debug\net9.0\DPManagement.Domain.dll" para "bin\Debug\net9.0\DPManagement.Domain.dll". Iniciando nova tentativa 7 em 1000ms. The process cannot access the file 'C:\Faculdade\AlcatechRH\DPManagement.API\bin\Debug\net9.0\DPManagement.Domain.dll' because it is being used by another process. O arquivo ├® bloqueado por: "DPManagement.API (29556)" [C:\Faculdade\AlcatechRH\DPManagement.API\DPManagement.API.csproj]
C:\Program Files\dotnet\sdk\9.0.312\Microsoft.Common.CurrentVersion.targets(5093,5): warning MSB3026: n├úo foi poss├¡vel copiar "C:\Faculdade\AlcatechRH\DPManagement.Infrastructure\bin\Debug\net9.0\DPManagement.Infrastructure.dll" para "bin\Debug\net9.0\DPManagement.Infrastructure.dll". Iniciando nova tentativa 7 em 1000ms. The process cannot access the file 'C:\Faculdade\AlcatechRH\DPManagement.API\bin\Debug\net9.0\DPManagement.Infrastructure.dll' because it is being used by another process. O arquivo ├® bloqueado por: "Microsoft Visual Studio 2022 (25880), DPManagement.API (29556)" [C:\Faculdade\AlcatechRH\DPManagement.API\DPManagement.API.csproj]
C:\Program Files\dotnet\sdk\9.0.312\Microsoft.Common.CurrentVersion.targets(5093,5): warning MSB3026: n├úo foi poss├¡vel copiar "C:\Faculdade\AlcatechRH\DPManagement.Application\bin\Debug\net9.0\DPManagement.Application.dll" para "bin\Debug\net9.0\DPManagement.Application.dll". Iniciando nova tentativa 7 em 1000ms. The process cannot access the file 'C:\Faculdade\AlcatechRH\DPManagement.API\bin\Debug\net9.0\DPManagement.Application.dll' because it is being used by another process. O arquivo ├® bloqueado por: "Microsoft Visual Studio 2022 (25880), DPManagement.API (29556)" [C:\Faculdade\AlcatechRH\DPManagement.API\DPManagement.API.csproj]
C:\Program Files\dotnet\sdk\9.0.312\Microsoft.Common.CurrentVersion.targets(5093,5): warning MSB3026: n├úo foi poss├¡vel copiar "C:\Faculdade\AlcatechRH\DPManagement.Domain\bin\Debug\net9.0\DPManagement.Domain.dll" para "bin\Debug\net9.0\DPManagement.Domain.dll". Iniciando nova tentativa 8 em 1000ms. The process cannot access the file 'C:\Faculdade\AlcatechRH\DPManagement.API\bin\Debug\net9.0\DPManagement.Domain.dll' because it is being used by another process. O arquivo ├® bloqueado por: "DPManagement.API (29556)" [C:\Faculdade\AlcatechRH\DPManagement.API\DPManagement.API.csproj]
C:\Program Files\dotnet\sdk\9.0.312\Microsoft.Common.CurrentVersion.targets(5093,5): warning MSB3026: n├úo foi poss├¡vel copiar "C:\Faculdade\AlcatechRH\DPManagement.Application\bin\Debug\net9.0\DPManagement.Application.dll" para "bin\Debug\net9.0\DPManagement.Application.dll". Iniciando nova tentativa 8 em 1000ms. The process cannot access the file 'C:\Faculdade\AlcatechRH\DPManagement.API\bin\Debug\net9.0\DPManagement.Application.dll' because it is being used by another process. O arquivo ├® bloqueado por: "Microsoft Visual Studio 2022 (25880), DPManagement.API (29556)" [C:\Faculdade\AlcatechRH\DPManagement.API\DPManagement.API.csproj]
C:\Program Files\dotnet\sdk\9.0.312\Microsoft.Common.CurrentVersion.targets(5093,5): warning MSB3026: n├úo foi poss├¡vel copiar "C:\Faculdade\AlcatechRH\DPManagement.Infrastructure\bin\Debug\net9.0\DPManagement.Infrastructure.dll" para "bin\Debug\net9.0\DPManagement.Infrastructure.dll". Iniciando nova tentativa 8 em 1000ms. The process cannot access the file 'C:\Faculdade\AlcatechRH\DPManagement.API\bin\Debug\net9.0\DPManagement.Infrastructure.dll' because it is being used by another process. O arquivo ├® bloqueado por: "Microsoft Visual Studio 2022 (25880), DPManagement.API (29556)" [C:\Faculdade\AlcatechRH\DPManagement.API\DPManagement.API.csproj]
C:\Program Files\dotnet\sdk\9.0.312\Microsoft.Common.CurrentVersion.targets(5093,5): warning MSB3026: n├úo foi poss├¡vel copiar "C:\Faculdade\AlcatechRH\DPManagement.Domain\bin\Debug\net9.0\DPManagement.Domain.dll" para "bin\Debug\net9.0\DPManagement.Domain.dll". Iniciando nova tentativa 9 em 1000ms. The process cannot access the file 'C:\Faculdade\AlcatechRH\DPManagement.API\bin\Debug\net9.0\DPManagement.Domain.dll' because it is being used by another process. O arquivo ├® bloqueado por: "DPManagement.API (29556)" [C:\Faculdade\AlcatechRH\DPManagement.API\DPManagement.API.csproj]
C:\Program Files\dotnet\sdk\9.0.312\Microsoft.Common.CurrentVersion.targets(5093,5): warning MSB3026: n├úo foi poss├¡vel copiar "C:\Faculdade\AlcatechRH\DPManagement.Application\bin\Debug\net9.0\DPManagement.Application.dll" para "bin\Debug\net9.0\DPManagement.Application.dll". Iniciando nova tentativa 9 em 1000ms. The process cannot access the file 'C:\Faculdade\AlcatechRH\DPManagement.API\bin\Debug\net9.0\DPManagement.Application.dll' because it is being used by another process. O arquivo ├® bloqueado por: "Microsoft Visual Studio 2022 (25880), DPManagement.API (29556)" [C:\Faculdade\AlcatechRH\DPManagement.API\DPManagement.API.csproj]
C:\Program Files\dotnet\sdk\9.0.312\Microsoft.Common.CurrentVersion.targets(5093,5): warning MSB3026: n├úo foi poss├¡vel copiar "C:\Faculdade\AlcatechRH\DPManagement.Infrastructure\bin\Debug\net9.0\DPManagement.Infrastructure.dll" para "bin\Debug\net9.0\DPManagement.Infrastructure.dll". Iniciando nova tentativa 9 em 1000ms. The process cannot access the file 'C:\Faculdade\AlcatechRH\DPManagement.API\bin\Debug\net9.0\DPManagement.Infrastructure.dll' because it is being used by another process. O arquivo ├® bloqueado por: "Microsoft Visual Studio 2022 (25880), DPManagement.API (29556)" [C:\Faculdade\AlcatechRH\DPManagement.API\DPManagement.API.csproj]
C:\Program Files\dotnet\sdk\9.0.312\Microsoft.Common.CurrentVersion.targets(5093,5): warning MSB3026: n├úo foi poss├¡vel copiar "C:\Faculdade\AlcatechRH\DPManagement.Domain\bin\Debug\net9.0\DPManagement.Domain.dll" para "bin\Debug\net9.0\DPManagement.Domain.dll". Iniciando nova tentativa 10 em 1000ms. The process cannot access the file 'C:\Faculdade\AlcatechRH\DPManagement.API\bin\Debug\net9.0\DPManagement.Domain.dll' because it is being used by another process. O arquivo ├® bloqueado por: "DPManagement.API (29556)" [C:\Faculdade\AlcatechRH\DPManagement.API\DPManagement.API.csproj]
C:\Program Files\dotnet\sdk\9.0.312\Microsoft.Common.CurrentVersion.targets(5093,5): warning MSB3026: n├úo foi poss├¡vel copiar "C:\Faculdade\AlcatechRH\DPManagement.Application\bin\Debug\net9.0\DPManagement.Application.dll" para "bin\Debug\net9.0\DPManagement.Application.dll". Iniciando nova tentativa 10 em 1000ms. The process cannot access the file 'C:\Faculdade\AlcatechRH\DPManagement.API\bin\Debug\net9.0\DPManagement.Application.dll' because it is being used by another process. O arquivo ├® bloqueado por: "Microsoft Visual Studio 2022 (25880), DPManagement.API (29556)" [C:\Faculdade\AlcatechRH\DPManagement.API\DPManagement.API.csproj]
C:\Program Files\dotnet\sdk\9.0.312\Microsoft.Common.CurrentVersion.targets(5093,5): warning MSB3026: n├úo foi poss├¡vel copiar "C:\Faculdade\AlcatechRH\DPManagement.Infrastructure\bin\Debug\net9.0\DPManagement.Infrastructure.dll" para "bin\Debug\net9.0\DPManagement.Infrastructure.dll". Iniciando nova tentativa 10 em 1000ms. The process cannot access the file 'C:\Faculdade\AlcatechRH\DPManagement.API\bin\Debug\net9.0\DPManagement.Infrastructure.dll' because it is being used by another process. O arquivo ├® bloqueado por: "Microsoft Visual Studio 2022 (25880), DPManagement.API (29556)" [C:\Faculdade\AlcatechRH\DPManagement.API\DPManagement.API.csproj]
C:\Program Files\dotnet\sdk\9.0.312\Microsoft.Common.CurrentVersion.targets(5093,5): error MSB3027: n├úo foi poss├¡vel copiar "C:\Faculdade\AlcatechRH\DPManagement.Domain\bin\Debug\net9.0\DPManagement.Domain.dll" para "bin\Debug\net9.0\DPManagement.Domain.dll". N├║mero de novas tentativas 10 excedido. Falha. O arquivo ├® bloqueado por: "DPManagement.API (29556)" [C:\Faculdade\AlcatechRH\DPManagement.API\DPManagement.API.csproj]
C:\Program Files\dotnet\sdk\9.0.312\Microsoft.Common.CurrentVersion.targets(5093,5): error MSB3021: N├úo ├® poss├¡vel copiar o arquivo "C:\Faculdade\AlcatechRH\DPManagement.Domain\bin\Debug\net9.0\DPManagement.Domain.dll" para "bin\Debug\net9.0\DPManagement.Domain.dll". The process cannot access the file 'C:\Faculdade\AlcatechRH\DPManagement.API\bin\Debug\net9.0\DPManagement.Domain.dll' because it is being used by another process. [C:\Faculdade\AlcatechRH\DPManagement.API\DPManagement.API.csproj]
C:\Program Files\dotnet\sdk\9.0.312\Microsoft.Common.CurrentVersion.targets(5093,5): error MSB3027: n├úo foi poss├¡vel copiar "C:\Faculdade\AlcatechRH\DPManagement.Infrastructure\bin\Debug\net9.0\DPManagement.Infrastructure.dll" para "bin\Debug\net9.0\DPManagement.Infrastructure.dll". N├║mero de novas tentativas 10 excedido. Falha. O arquivo ├® bloqueado por: "Microsoft Visual Studio 2022 (25880), DPManagement.API (29556)" [C:\Faculdade\AlcatechRH\DPManagement.API\DPManagement.API.csproj]
C:\Program Files\dotnet\sdk\9.0.312\Microsoft.Common.CurrentVersion.targets(5093,5): error MSB3021: N├úo ├® poss├¡vel copiar o arquivo "C:\Faculdade\AlcatechRH\DPManagement.Infrastructure\bin\Debug\net9.0\DPManagement.Infrastructure.dll" para "bin\Debug\net9.0\DPManagement.Infrastructure.dll". The process cannot access the file 'C:\Faculdade\AlcatechRH\DPManagement.API\bin\Debug\net9.0\DPManagement.Infrastructure.dll' because it is being used by another process. [C:\Faculdade\AlcatechRH\DPManagement.API\DPManagement.API.csproj]
C:\Program Files\dotnet\sdk\9.0.312\Microsoft.Common.CurrentVersion.targets(5093,5): error MSB3027: n├úo foi poss├¡vel copiar "C:\Faculdade\AlcatechRH\DPManagement.Application\bin\Debug\net9.0\DPManagement.Application.dll" para "bin\Debug\net9.0\DPManagement.Application.dll". N├║mero de novas tentativas 10 excedido. Falha. O arquivo ├® bloqueado por: "Microsoft Visual Studio 2022 (25880), DPManagement.API (29556)" [C:\Faculdade\AlcatechRH\DPManagement.API\DPManagement.API.csproj]
C:\Program Files\dotnet\sdk\9.0.312\Microsoft.Common.CurrentVersion.targets(5093,5): error MSB3021: N├úo ├® poss├¡vel copiar o arquivo "C:\Faculdade\AlcatechRH\DPManagement.Application\bin\Debug\net9.0\DPManagement.Application.dll" para "bin\Debug\net9.0\DPManagement.Application.dll". The process cannot access the file 'C:\Faculdade\AlcatechRH\DPManagement.API\bin\Debug\net9.0\DPManagement.Application.dll' because it is being used by another process. [C:\Faculdade\AlcatechRH\DPManagement.API\DPManagement.API.csproj]

FALHA da compila├º├úo.

C:\Program Files\dotnet\sdk\9.0.312\Microsoft.Common.CurrentVersion.targets(5093,5): warning MSB3026: n├úo foi poss├¡vel copiar "C:\Faculdade\AlcatechRH\DPManagement.Domain\bin\Debug\net9.0\DPManagement.Domain.dll" para "bin\Debug\net9.0\DPManagement.Domain.dll". Iniciando nova tentativa 1 em 1000ms. The process cannot access the file 'C:\Faculdade\AlcatechRH\DPManagement.API\bin\Debug\net9.0\DPManagement.Domain.dll' because it is being used by another process. O arquivo ├® bloqueado por: "DPManagement.API (29556)" [C:\Faculdade\AlcatechRH\DPManagement.API\DPManagement.API.csproj]
C:\Program Files\dotnet\sdk\9.0.312\Microsoft.Common.CurrentVersion.targets(5093,5): warning MSB3026: n├úo foi poss├¡vel copiar "C:\Faculdade\AlcatechRH\DPManagement.Infrastructure\bin\Debug\net9.0\DPManagement.Infrastructure.dll" para "bin\Debug\net9.0\DPManagement.Infrastructure.dll". Iniciando nova tentativa 1 em 1000ms. The process cannot access the file 'C:\Faculdade\AlcatechRH\DPManagement.API\bin\Debug\net9.0\DPManagement.Infrastructure.dll' because it is being used by another process. O arquivo ├® bloqueado por: "Microsoft Visual Studio 2022 (25880), DPManagement.API (29556)" [C:\Faculdade\AlcatechRH\DPManagement.API\DPManagement.API.csproj]
C:\Program Files\dotnet\sdk\9.0.312\Microsoft.Common.CurrentVersion.targets(5093,5): warning MSB3026: n├úo foi poss├¡vel copiar "C:\Faculdade\AlcatechRH\DPManagement.Application\bin\Debug\net9.0\DPManagement.Application.dll" para "bin\Debug\net9.0\DPManagement.Application.dll". Iniciando nova tentativa 1 em 1000ms. The process cannot access the file 'C:\Faculdade\AlcatechRH\DPManagement.API\bin\Debug\net9.0\DPManagement.Application.dll' because it is being used by another process. O arquivo ├® bloqueado por: "Microsoft Visual Studio 2022 (25880), DPManagement.API (29556)" [C:\Faculdade\AlcatechRH\DPManagement.API\DPManagement.API.csproj]
C:\Program Files\dotnet\sdk\9.0.312\Microsoft.Common.CurrentVersion.targets(5093,5): warning MSB3026: n├úo foi poss├¡vel copiar "C:\Faculdade\AlcatechRH\DPManagement.Domain\bin\Debug\net9.0\DPManagement.Domain.dll" para "bin\Debug\net9.0\DPManagement.Domain.dll". Iniciando nova tentativa 2 em 1000ms. The process cannot access the file 'C:\Faculdade\AlcatechRH\DPManagement.API\bin\Debug\net9.0\DPManagement.Domain.dll' because it is being used by another process. O arquivo ├® bloqueado por: "DPManagement.API (29556)" [C:\Faculdade\AlcatechRH\DPManagement.API\DPManagement.API.csproj]
C:\Program Files\dotnet\sdk\9.0.312\Microsoft.Common.CurrentVersion.targets(5093,5): warning MSB3026: n├úo foi poss├¡vel copiar "C:\Faculdade\AlcatechRH\DPManagement.Application\bin\Debug\net9.0\DPManagement.Application.dll" para "bin\Debug\net9.0\DPManagement.Application.dll". Iniciando nova tentativa 2 em 1000ms. The process cannot access the file 'C:\Faculdade\AlcatechRH\DPManagement.API\bin\Debug\net9.0\DPManagement.Application.dll' because it is being used by another process. O arquivo ├® bloqueado por: "Microsoft Visual Studio 2022 (25880), DPManagement.API (29556)" [C:\Faculdade\AlcatechRH\DPManagement.API\DPManagement.API.csproj]
C:\Program Files\dotnet\sdk\9.0.312\Microsoft.Common.CurrentVersion.targets(5093,5): warning MSB3026: n├úo foi poss├¡vel copiar "C:\Faculdade\AlcatechRH\DPManagement.Infrastructure\bin\Debug\net9.0\DPManagement.Infrastructure.dll" para "bin\Debug\net9.0\DPManagement.Infrastructure.dll". Iniciando nova tentativa 2 em 1000ms. The process cannot access the file 'C:\Faculdade\AlcatechRH\DPManagement.API\bin\Debug\net9.0\DPManagement.Infrastructure.dll' because it is being used by another process. O arquivo ├® bloqueado por: "Microsoft Visual Studio 2022 (25880), DPManagement.API (29556)" [C:\Faculdade\AlcatechRH\DPManagement.API\DPManagement.API.csproj]
C:\Program Files\dotnet\sdk\9.0.312\Microsoft.Common.CurrentVersion.targets(5093,5): warning MSB3026: n├úo foi poss├¡vel copiar "C:\Faculdade\AlcatechRH\DPManagement.Domain\bin\Debug\net9.0\DPManagement.Domain.dll" para "bin\Debug\net9.0\DPManagement.Domain.dll". Iniciando nova tentativa 3 em 1000ms. The process cannot access the file 'C:\Faculdade\AlcatechRH\DPManagement.API\bin\Debug\net9.0\DPManagement.Domain.dll' because it is being used by another process. O arquivo ├® bloqueado por: "DPManagement.API (29556)" [C:\Faculdade\AlcatechRH\DPManagement.API\DPManagement.API.csproj]
C:\Program Files\dotnet\sdk\9.0.312\Microsoft.Common.CurrentVersion.targets(5093,5): warning MSB3026: n├úo foi poss├¡vel copiar "C:\Faculdade\AlcatechRH\DPManagement.Infrastructure\bin\Debug\net9.0\DPManagement.Infrastructure.dll" para "bin\Debug\net9.0\DPManagement.Infrastructure.dll". Iniciando nova tentativa 3 em 1000ms. The process cannot access the file 'C:\Faculdade\AlcatechRH\DPManagement.API\bin\Debug\net9.0\DPManagement.Infrastructure.dll' because it is being used by another process. O arquivo ├® bloqueado por: "Microsoft Visual Studio 2022 (25880), DPManagement.API (29556)" [C:\Faculdade\AlcatechRH\DPManagement.API\DPManagement.API.csproj]
C:\Program Files\dotnet\sdk\9.0.312\Microsoft.Common.CurrentVersion.targets(5093,5): warning MSB3026: n├úo foi poss├¡vel copiar "C:\Faculdade\AlcatechRH\DPManagement.Application\bin\Debug\net9.0\DPManagement.Application.dll" para "bin\Debug\net9.0\DPManagement.Application.dll". Iniciando nova tentativa 3 em 1000ms. The process cannot access the file 'C:\Faculdade\AlcatechRH\DPManagement.API\bin\Debug\net9.0\DPManagement.Application.dll' because it is being used by another process. O arquivo ├® bloqueado por: "Microsoft Visual Studio 2022 (25880), DPManagement.API (29556)" [C:\Faculdade\AlcatechRH\DPManagement.API\DPManagement.API.csproj]
C:\Program Files\dotnet\sdk\9.0.312\Microsoft.Common.CurrentVersion.targets(5093,5): warning MSB3026: n├úo foi poss├¡vel copiar "C:\Faculdade\AlcatechRH\DPManagement.Domain\bin\Debug\net9.0\DPManagement.Domain.dll" para "bin\Debug\net9.0\DPManagement.Domain.dll". Iniciando nova tentativa 4 em 1000ms. The process cannot access the file 'C:\Faculdade\AlcatechRH\DPManagement.API\bin\Debug\net9.0\DPManagement.Domain.dll' because it is being used by another process. O arquivo ├® bloqueado por: "DPManagement.API (29556)" [C:\Faculdade\AlcatechRH\DPManagement.API\DPManagement.API.csproj]
C:\Program Files\dotnet\sdk\9.0.312\Microsoft.Common.CurrentVersion.targets(5093,5): warning MSB3026: n├úo foi poss├¡vel copiar "C:\Faculdade\AlcatechRH\DPManagement.Application\bin\Debug\net9.0\DPManagement.Application.dll" para "bin\Debug\net9.0\DPManagement.Application.dll". Iniciando nova tentativa 4 em 1000ms. The process cannot access the file 'C:\Faculdade\AlcatechRH\DPManagement.API\bin\Debug\net9.0\DPManagement.Application.dll' because it is being used by another process. O arquivo ├® bloqueado por: "Microsoft Visual Studio 2022 (25880), DPManagement.API (29556)" [C:\Faculdade\AlcatechRH\DPManagement.API\DPManagement.API.csproj]
C:\Program Files\dotnet\sdk\9.0.312\Microsoft.Common.CurrentVersion.targets(5093,5): warning MSB3026: n├úo foi poss├¡vel copiar "C:\Faculdade\AlcatechRH\DPManagement.Infrastructure\bin\Debug\net9.0\DPManagement.Infrastructure.dll" para "bin\Debug\net9.0\DPManagement.Infrastructure.dll". Iniciando nova tentativa 4 em 1000ms. The process cannot access the file 'C:\Faculdade\AlcatechRH\DPManagement.API\bin\Debug\net9.0\DPManagement.Infrastructure.dll' because it is being used by another process. O arquivo ├® bloqueado por: "Microsoft Visual Studio 2022 (25880), DPManagement.API (29556)" [C:\Faculdade\AlcatechRH\DPManagement.API\DPManagement.API.csproj]
C:\Program Files\dotnet\sdk\9.0.312\Microsoft.Common.CurrentVersion.targets(5093,5): warning MSB3026: n├úo foi poss├¡vel copiar "C:\Faculdade\AlcatechRH\DPManagement.Domain\bin\Debug\net9.0\DPManagement.Domain.dll" para "bin\Debug\net9.0\DPManagement.Domain.dll". Iniciando nova tentativa 5 em 1000ms. The process cannot access the file 'C:\Faculdade\AlcatechRH\DPManagement.API\bin\Debug\net9.0\DPManagement.Domain.dll' because it is being used by another process. O arquivo ├® bloqueado por: "DPManagement.API (29556)" [C:\Faculdade\AlcatechRH\DPManagement.API\DPManagement.API.csproj]
C:\Program Files\dotnet\sdk\9.0.312\Microsoft.Common.CurrentVersion.targets(5093,5): warning MSB3026: n├úo foi poss├¡vel copiar "C:\Faculdade\AlcatechRH\DPManagement.Application\bin\Debug\net9.0\DPManagement.Application.dll" para "bin\Debug\net9.0\DPManagement.Application.dll". Iniciando nova tentativa 5 em 1000ms. The process cannot access the file 'C:\Faculdade\AlcatechRH\DPManagement.API\bin\Debug\net9.0\DPManagement.Application.dll' because it is being used by another process. O arquivo ├® bloqueado por: "Microsoft Visual Studio 2022 (25880), DPManagement.API (29556)" [C:\Faculdade\AlcatechRH\DPManagement.API\DPManagement.API.csproj]
C:\Program Files\dotnet\sdk\9.0.312\Microsoft.Common.CurrentVersion.targets(5093,5): warning MSB3026: n├úo foi poss├¡vel copiar "C:\Faculdade\AlcatechRH\DPManagement.Infrastructure\bin\Debug\net9.0\DPManagement.Infrastructure.dll" para "bin\Debug\net9.0\DPManagement.Infrastructure.dll". Iniciando nova tentativa 5 em 1000ms. The process cannot access the file 'C:\Faculdade\AlcatechRH\DPManagement.API\bin\Debug\net9.0\DPManagement.Infrastructure.dll' because it is being used by another process. O arquivo ├® bloqueado por: "Microsoft Visual Studio 2022 (25880), DPManagement.API (29556)" [C:\Faculdade\AlcatechRH\DPManagement.API\DPManagement.API.csproj]
C:\Program Files\dotnet\sdk\9.0.312\Microsoft.Common.CurrentVersion.targets(5093,5): warning MSB3026: n├úo foi poss├¡vel copiar "C:\Faculdade\AlcatechRH\DPManagement.Domain\bin\Debug\net9.0\DPManagement.Domain.dll" para "bin\Debug\net9.0\DPManagement.Domain.dll". Iniciando nova tentativa 6 em 1000ms. The process cannot access the file 'C:\Faculdade\AlcatechRH\DPManagement.API\bin\Debug\net9.0\DPManagement.Domain.dll' because it is being used by another process. O arquivo ├® bloqueado por: "DPManagement.API (29556)" [C:\Faculdade\AlcatechRH\DPManagement.API\DPManagement.API.csproj]
C:\Program Files\dotnet\sdk\9.0.312\Microsoft.Common.CurrentVersion.targets(5093,5): warning MSB3026: n├úo foi poss├¡vel copiar "C:\Faculdade\AlcatechRH\DPManagement.Infrastructure\bin\Debug\net9.0\DPManagement.Infrastructure.dll" para "bin\Debug\net9.0\DPManagement.Infrastructure.dll". Iniciando nova tentativa 6 em 1000ms. The process cannot access the file 'C:\Faculdade\AlcatechRH\DPManagement.API\bin\Debug\net9.0\DPManagement.Infrastructure.dll' because it is being used by another process. O arquivo ├® bloqueado por: "Microsoft Visual Studio 2022 (25880), DPManagement.API (29556)" [C:\Faculdade\AlcatechRH\DPManagement.API\DPManagement.API.csproj]
C:\Program Files\dotnet\sdk\9.0.312\Microsoft.Common.CurrentVersion.targets(5093,5): warning MSB3026: n├úo foi poss├¡vel copiar "C:\Faculdade\AlcatechRH\DPManagement.Application\bin\Debug\net9.0\DPManagement.Application.dll" para "bin\Debug\net9.0\DPManagement.Application.dll". Iniciando nova tentativa 6 em 1000ms. The process cannot access the file 'C:\Faculdade\AlcatechRH\DPManagement.API\bin\Debug\net9.0\DPManagement.Application.dll' because it is being used by another process. O arquivo ├® bloqueado por: "Microsoft Visual Studio 2022 (25880), DPManagement.API (29556)" [C:\Faculdade\AlcatechRH\DPManagement.API\DPManagement.API.csproj]
C:\Program Files\dotnet\sdk\9.0.312\Microsoft.Common.CurrentVersion.targets(5093,5): warning MSB3026: n├úo foi poss├¡vel copiar "C:\Faculdade\AlcatechRH\DPManagement.Domain\bin\Debug\net9.0\DPManagement.Domain.dll" para "bin\Debug\net9.0\DPManagement.Domain.dll". Iniciando nova tentativa 7 em 1000ms. The process cannot access the file 'C:\Faculdade\AlcatechRH\DPManagement.API\bin\Debug\net9.0\DPManagement.Domain.dll' because it is being used by another process. O arquivo ├® bloqueado por: "DPManagement.API (29556)" [C:\Faculdade\AlcatechRH\DPManagement.API\DPManagement.API.csproj]
C:\Program Files\dotnet\sdk\9.0.312\Microsoft.Common.CurrentVersion.targets(5093,5): warning MSB3026: n├úo foi poss├¡vel copiar "C:\Faculdade\AlcatechRH\DPManagement.Infrastructure\bin\Debug\net9.0\DPManagement.Infrastructure.dll" para "bin\Debug\net9.0\DPManagement.Infrastructure.dll". Iniciando nova tentativa 7 em 1000ms. The process cannot access the file 'C:\Faculdade\AlcatechRH\DPManagement.API\bin\Debug\net9.0\DPManagement.Infrastructure.dll' because it is being used by another process. O arquivo ├® bloqueado por: "Microsoft Visual Studio 2022 (25880), DPManagement.API (29556)" [C:\Faculdade\AlcatechRH\DPManagement.API\DPManagement.API.csproj]
C:\Program Files\dotnet\sdk\9.0.312\Microsoft.Common.CurrentVersion.targets(5093,5): warning MSB3026: n├úo foi poss├¡vel copiar "C:\Faculdade\AlcatechRH\DPManagement.Application\bin\Debug\net9.0\DPManagement.Application.dll" para "bin\Debug\net9.0\DPManagement.Application.dll". Iniciando nova tentativa 7 em 1000ms. The process cannot access the file 'C:\Faculdade\AlcatechRH\DPManagement.API\bin\Debug\net9.0\DPManagement.Application.dll' because it is being used by another process. O arquivo ├® bloqueado por: "Microsoft Visual Studio 2022 (25880), DPManagement.API (29556)" [C:\Faculdade\AlcatechRH\DPManagement.API\DPManagement.API.csproj]
C:\Program Files\dotnet\sdk\9.0.312\Microsoft.Common.CurrentVersion.targets(5093,5): warning MSB3026: n├úo foi poss├¡vel copiar "C:\Faculdade\AlcatechRH\DPManagement.Domain\bin\Debug\net9.0\DPManagement.Domain.dll" para "bin\Debug\net9.0\DPManagement.Domain.dll". Iniciando nova tentativa 8 em 1000ms. The process cannot access the file 'C:\Faculdade\AlcatechRH\DPManagement.API\bin\Debug\net9.0\DPManagement.Domain.dll' because it is being used by another process. O arquivo ├® bloqueado por: "DPManagement.API (29556)" [C:\Faculdade\AlcatechRH\DPManagement.API\DPManagement.API.csproj]
C:\Program Files\dotnet\sdk\9.0.312\Microsoft.Common.CurrentVersion.targets(5093,5): warning MSB3026: n├úo foi poss├¡vel copiar "C:\Faculdade\AlcatechRH\DPManagement.Application\bin\Debug\net9.0\DPManagement.Application.dll" para "bin\Debug\net9.0\DPManagement.Application.dll". Iniciando nova tentativa 8 em 1000ms. The process cannot access the file 'C:\Faculdade\AlcatechRH\DPManagement.API\bin\Debug\net9.0\DPManagement.Application.dll' because it is being used by another process. O arquivo ├® bloqueado por: "Microsoft Visual Studio 2022 (25880), DPManagement.API (29556)" [C:\Faculdade\AlcatechRH\DPManagement.API\DPManagement.API.csproj]
C:\Program Files\dotnet\sdk\9.0.312\Microsoft.Common.CurrentVersion.targets(5093,5): warning MSB3026: n├úo foi poss├¡vel copiar "C:\Faculdade\AlcatechRH\DPManagement.Infrastructure\bin\Debug\net9.0\DPManagement.Infrastructure.dll" para "bin\Debug\net9.0\DPManagement.Infrastructure.dll". Iniciando nova tentativa 8 em 1000ms. The process cannot access the file 'C:\Faculdade\AlcatechRH\DPManagement.API\bin\Debug\net9.0\DPManagement.Infrastructure.dll' because it is being used by another process. O arquivo ├® bloqueado por: "Microsoft Visual Studio 2022 (25880), DPManagement.API (29556)" [C:\Faculdade\AlcatechRH\DPManagement.API\DPManagement.API.csproj]
C:\Program Files\dotnet\sdk\9.0.312\Microsoft.Common.CurrentVersion.targets(5093,5): warning MSB3026: n├úo foi poss├¡vel copiar "C:\Faculdade\AlcatechRH\DPManagement.Domain\bin\Debug\net9.0\DPManagement.Domain.dll" para "bin\Debug\net9.0\DPManagement.Domain.dll". Iniciando nova tentativa 9 em 1000ms. The process cannot access the file 'C:\Faculdade\AlcatechRH\DPManagement.API\bin\Debug\net9.0\DPManagement.Domain.dll' because it is being used by another process. O arquivo ├® bloqueado por: "DPManagement.API (29556)" [C:\Faculdade\AlcatechRH\DPManagement.API\DPManagement.API.csproj]
C:\Program Files\dotnet\sdk\9.0.312\Microsoft.Common.CurrentVersion.targets(5093,5): warning MSB3026: n├úo foi poss├¡vel copiar "C:\Faculdade\AlcatechRH\DPManagement.Application\bin\Debug\net9.0\DPManagement.Application.dll" para "bin\Debug\net9.0\DPManagement.Application.dll". Iniciando nova tentativa 9 em 1000ms. The process cannot access the file 'C:\Faculdade\AlcatechRH\DPManagement.API\bin\Debug\net9.0\DPManagement.Application.dll' because it is being used by another process. O arquivo ├® bloqueado por: "Microsoft Visual Studio 2022 (25880), DPManagement.API (29556)" [C:\Faculdade\AlcatechRH\DPManagement.API\DPManagement.API.csproj]
C:\Program Files\dotnet\sdk\9.0.312\Microsoft.Common.CurrentVersion.targets(5093,5): warning MSB3026: n├úo foi poss├¡vel copiar "C:\Faculdade\AlcatechRH\DPManagement.Infrastructure\bin\Debug\net9.0\DPManagement.Infrastructure.dll" para "bin\Debug\net9.0\DPManagement.Infrastructure.dll". Iniciando nova tentativa 9 em 1000ms. The process cannot access the file 'C:\Faculdade\AlcatechRH\DPManagement.API\bin\Debug\net9.0\DPManagement.Infrastructure.dll' because it is being used by another process. O arquivo ├® bloqueado por: "Microsoft Visual Studio 2022 (25880), DPManagement.API (29556)" [C:\Faculdade\AlcatechRH\DPManagement.API\DPManagement.API.csproj]
C:\Program Files\dotnet\sdk\9.0.312\Microsoft.Common.CurrentVersion.targets(5093,5): warning MSB3026: n├úo foi poss├¡vel copiar "C:\Faculdade\AlcatechRH\DPManagement.Domain\bin\Debug\net9.0\DPManagement.Domain.dll" para "bin\Debug\net9.0\DPManagement.Domain.dll". Iniciando nova tentativa 10 em 1000ms. The process cannot access the file 'C:\Faculdade\AlcatechRH\DPManagement.API\bin\Debug\net9.0\DPManagement.Domain.dll' because it is being used by another process. O arquivo ├® bloqueado por: "DPManagement.API (29556)" [C:\Faculdade\AlcatechRH\DPManagement.API\DPManagement.API.csproj]
C:\Program Files\dotnet\sdk\9.0.312\Microsoft.Common.CurrentVersion.targets(5093,5): warning MSB3026: n├úo foi poss├¡vel copiar "C:\Faculdade\AlcatechRH\DPManagement.Application\bin\Debug\net9.0\DPManagement.Application.dll" para "bin\Debug\net9.0\DPManagement.Application.dll". Iniciando nova tentativa 10 em 1000ms. The process cannot access the file 'C:\Faculdade\AlcatechRH\DPManagement.API\bin\Debug\net9.0\DPManagement.Application.dll' because it is being used by another process. O arquivo ├® bloqueado por: "Microsoft Visual Studio 2022 (25880), DPManagement.API (29556)" [C:\Faculdade\AlcatechRH\DPManagement.API\DPManagement.API.csproj]
C:\Program Files\dotnet\sdk\9.0.312\Microsoft.Common.CurrentVersion.targets(5093,5): warning MSB3026: n├úo foi poss├¡vel copiar "C:\Faculdade\AlcatechRH\DPManagement.Infrastructure\bin\Debug\net9.0\DPManagement.Infrastructure.dll" para "bin\Debug\net9.0\DPManagement.Infrastructure.dll". Iniciando nova tentativa 10 em 1000ms. The process cannot access the file 'C:\Faculdade\AlcatechRH\DPManagement.API\bin\Debug\net9.0\DPManagement.Infrastructure.dll' because it is being used by another process. O arquivo ├® bloqueado por: "Microsoft Visual Studio 2022 (25880), DPManagement.API (29556)" [C:\Faculdade\AlcatechRH\DPManagement.API\DPManagement.API.csproj]
C:\Program Files\dotnet\sdk\9.0.312\Microsoft.Common.CurrentVersion.targets(5093,5): error MSB3027: n├úo foi poss├¡vel copiar "C:\Faculdade\AlcatechRH\DPManagement.Domain\bin\Debug\net9.0\DPManagement.Domain.dll" para "bin\Debug\net9.0\DPManagement.Domain.dll". N├║mero de novas tentativas 10 excedido. Falha. O arquivo ├® bloqueado por: "DPManagement.API (29556)" [C:\Faculdade\AlcatechRH\DPManagement.API\DPManagement.API.csproj]
C:\Program Files\dotnet\sdk\9.0.312\Microsoft.Common.CurrentVersion.targets(5093,5): error MSB3021: N├úo ├® poss├¡vel copiar o arquivo "C:\Faculdade\AlcatechRH\DPManagement.Domain\bin\Debug\net9.0\DPManagement.Domain.dll" para "bin\Debug\net9.0\DPManagement.Domain.dll". The process cannot access the file 'C:\Faculdade\AlcatechRH\DPManagement.API\bin\Debug\net9.0\DPManagement.Domain.dll' because it is being used by another process. [C:\Faculdade\AlcatechRH\DPManagement.API\DPManagement.API.csproj]
C:\Program Files\dotnet\sdk\9.0.312\Microsoft.Common.CurrentVersion.targets(5093,5): error MSB3027: n├úo foi poss├¡vel copiar "C:\Faculdade\AlcatechRH\DPManagement.Infrastructure\bin\Debug\net9.0\DPManagement.Infrastructure.dll" para "bin\Debug\net9.0\DPManagement.Infrastructure.dll". N├║mero de novas tentativas 10 excedido. Falha. O arquivo ├® bloqueado por: "Microsoft Visual Studio 2022 (25880), DPManagement.API (29556)" [C:\Faculdade\AlcatechRH\DPManagement.API\DPManagement.API.csproj]
C:\Program Files\dotnet\sdk\9.0.312\Microsoft.Common.CurrentVersion.targets(5093,5): error MSB3021: N├úo ├® poss├¡vel copiar o arquivo "C:\Faculdade\AlcatechRH\DPManagement.Infrastructure\bin\Debug\net9.0\DPManagement.Infrastructure.dll" para "bin\Debug\net9.0\DPManagement.Infrastructure.dll". The process cannot access the file 'C:\Faculdade\AlcatechRH\DPManagement.API\bin\Debug\net9.0\DPManagement.Infrastructure.dll' because it is being used by another process. [C:\Faculdade\AlcatechRH\DPManagement.API\DPManagement.API.csproj]
C:\Program Files\dotnet\sdk\9.0.312\Microsoft.Common.CurrentVersion.targets(5093,5): error MSB3027: n├úo foi poss├¡vel copiar "C:\Faculdade\AlcatechRH\DPManagement.Application\bin\Debug\net9.0\DPManagement.Application.dll" para "bin\Debug\net9.0\DPManagement.Application.dll". N├║mero de novas tentativas 10 excedido. Falha. O arquivo ├® bloqueado por: "Microsoft Visual Studio 2022 (25880), DPManagement.API (29556)" [C:\Faculdade\AlcatechRH\DPManagement.API\DPManagement.API.csproj]
C:\Program Files\dotnet\sdk\9.0.312\Microsoft.Common.CurrentVersion.targets(5093,5): error MSB3021: N├úo ├® poss├¡vel copiar o arquivo "C:\Faculdade\AlcatechRH\DPManagement.Application\bin\Debug\net9.0\DPManagement.Application.dll" para "bin\Debug\net9.0\DPManagement.Application.dll". The process cannot access the file 'C:\Faculdade\AlcatechRH\DPManagement.API\bin\Debug\net9.0\DPManagement.Application.dll' because it is being used by another process. [C:\Faculdade\AlcatechRH\DPManagement.API\DPManagement.API.csproj]
    30 Aviso(s)
    6 Erro(s)

Tempo Decorrido 00:00:13.58
